Component: ARM Compiler 5.06 update 6 (build 750) Tool: armlink [4d35ed]

==============================================================================

Section Cross References

    startup_stm32f767xx.o(RESET) refers to startup_stm32f767xx.o(STACK) for __initial_sp
    startup_stm32f767xx.o(RESET) refers to startup_stm32f767xx.o(.text) for Reset_Handler
    startup_stm32f767xx.o(RESET) refers to stm32f7xx_it.o(i.NMI_Handler) for NMI_Handler
    startup_stm32f767xx.o(RESET) refers to stm32f7xx_it.o(i.HardFault_Handler) for HardFault_Handler
    startup_stm32f767xx.o(RESET) refers to stm32f7xx_it.o(i.MemManage_Handler) for MemManage_Handler
    startup_stm32f767xx.o(RESET) refers to stm32f7xx_it.o(i.BusFault_Handler) for BusFault_Handler
    startup_stm32f767xx.o(RESET) refers to stm32f7xx_it.o(i.UsageFault_Handler) for UsageFault_Handler
    startup_stm32f767xx.o(RESET) refers to stm32f7xx_it.o(i.SVC_Handler) for SVC_Handler
    startup_stm32f767xx.o(RESET) refers to stm32f7xx_it.o(i.DebugMon_Handler) for DebugMon_Handler
    startup_stm32f767xx.o(RESET) refers to tcpu_1.o(CODE) for PendSV_Handler
    startup_stm32f767xx.o(RESET) refers to ttime.o(i.SysTick_Handler) for SysTick_Handler
    startup_stm32f767xx.o(.text) refers to system_stm32f7xx.o(i.SystemInit) for SystemInit
    startup_stm32f767xx.o(.text) refers to entry.o(.ARM.Collect$$$$00000000) for __main
    main.o(i.MX_GPIO_Init) refers to memseta.o(.text) for __aeabi_memclr4
    main.o(i.MX_GPIO_Init) refers to stm32f7xx_hal_gpio.o(i.HAL_GPIO_WritePin) for HAL_GPIO_WritePin
    main.o(i.MX_GPIO_Init) refers to stm32f7xx_hal_gpio.o(i.HAL_GPIO_Init) for HAL_GPIO_Init
    main.o(i.SystemClock_Config) refers to memseta.o(.text) for __aeabi_memclr4
    main.o(i.SystemClock_Config) refers to stm32f7xx_hal_rcc.o(i.HAL_RCC_OscConfig) for HAL_RCC_OscConfig
    main.o(i.SystemClock_Config) refers to stm32f7xx_hal_pwr_ex.o(i.HAL_PWREx_EnableOverDrive) for HAL_PWREx_EnableOverDrive
    main.o(i.SystemClock_Config) refers to stm32f7xx_hal_rcc.o(i.HAL_RCC_ClockConfig) for HAL_RCC_ClockConfig
    main.o(i.main) refers to stm32f7xx_hal.o(i.HAL_Init) for HAL_Init
    main.o(i.main) refers to main.o(i.SystemClock_Config) for SystemClock_Config
    main.o(i.main) refers to main.o(i.MX_GPIO_Init) for MX_GPIO_Init
    main.o(i.main) refers to tbitmap.o(i.tBitmapInit) for tBitmapInit
    main.o(i.main) refers to ttask.o(i.tTaskDelayedListInit) for tTaskDelayedListInit
    main.o(i.main) refers to ttask.o(i.tTaskPrioListInit) for tTaskPrioListInit
    main.o(i.main) refers to ttask.o(i.tSchedLockInit) for tSchedLockInit
    main.o(i.main) refers to app.o(i.tInitApp) for tInitApp
    main.o(i.main) refers to ttask.o(i.tTaskHighestReady) for tTaskHighestReady
    main.o(i.main) refers to tcpu_1.o(CODE) for tTaskRunFirst
    main.o(i.main) refers to ttask.o(.data) for tbitmap
    app.o(i.tInitApp) refers to ttask.o(i.tTaskInit) for tTaskInit
    app.o(i.tInitApp) refers to app.o(.bss) for .bss
    app.o(i.tInitApp) refers to app.o(i.task1Entry) for task1Entry
    app.o(i.tInitApp) refers to app.o(i.task2Entry) for task2Entry
    app.o(i.tInitApp) refers to app.o(i.task3Entry) for task3Entry
    app.o(i.tInitApp) refers to app.o(i.task4Entry) for task4Entry
    app.o(i.tInitApp) refers to app.o(i.tIdleTaskEntry) for tIdleTaskEntry
    app.o(i.task1Entry) refers to ttime.o(i.tSetSysTickPeriod) for tSetSysTickPeriod
    app.o(i.task1Entry) refers to stm32f7xx_hal_gpio.o(i.HAL_GPIO_WritePin) for HAL_GPIO_WritePin
    app.o(i.task1Entry) refers to ttime.o(i.tTaskDelay) for tTaskDelay
    app.o(i.task1Entry) refers to app.o(.data) for .data
    app.o(i.task2Entry) refers to stm32f7xx_hal_gpio.o(i.HAL_GPIO_WritePin) for HAL_GPIO_WritePin
    app.o(i.task2Entry) refers to ttime.o(i.tTaskDelay) for tTaskDelay
    app.o(i.task2Entry) refers to app.o(.data) for .data
    app.o(i.task3Entry) refers to stm32f7xx_hal_gpio.o(i.HAL_GPIO_WritePin) for HAL_GPIO_WritePin
    app.o(i.task3Entry) refers to ttime.o(i.tTaskDelay) for tTaskDelay
    app.o(i.task3Entry) refers to app.o(.data) for .data
    app.o(i.task4Entry) refers to ttime.o(i.tTaskDelay) for tTaskDelay
    app.o(i.task4Entry) refers to app.o(.data) for .data
    stm32f7xx_hal_cortex.o(i.HAL_NVIC_SetPriority) refers to stm32f7xx_hal_cortex.o(i.__NVIC_SetPriority) for __NVIC_SetPriority
    stm32f7xx_hal_cortex.o(i.HAL_SYSTICK_Config) refers to stm32f7xx_hal_cortex.o(i.__NVIC_SetPriority) for __NVIC_SetPriority
    stm32f7xx_hal_cortex.o(i.HAL_SYSTICK_IRQHandler) refers to stm32f7xx_hal_cortex.o(i.HAL_SYSTICK_Callback) for HAL_SYSTICK_Callback
    stm32f7xx_hal_rcc.o(i.HAL_RCC_ClockConfig) refers to stm32f7xx_hal.o(i.HAL_GetTick) for HAL_GetTick
    stm32f7xx_hal_rcc.o(i.HAL_RCC_ClockConfig) refers to stm32f7xx_hal_rcc.o(i.HAL_RCC_GetSysClockFreq) for HAL_RCC_GetSysClockFreq
    stm32f7xx_hal_rcc.o(i.HAL_RCC_ClockConfig) refers to stm32f7xx_hal.o(i.HAL_InitTick) for HAL_InitTick
[...]
    tevent.o(i.tEventWakeUp) refers to ttask.o(.bss) for tTaskDelayedList
    tevent.o(i.tEventWakeUp) refers to ttask.o(.data) for tbitmap
    tmbox.o(i.tMboxClear) refers to tcpu_1.o(CODE) for tTaskEnterCritical
    tmbox.o(i.tMboxClear) refers to tevent.o(i.tEventWaitCount) for tEventWaitCount
    tmbox.o(i.tMboxDelete) refers to tcpu_1.o(CODE) for tTaskEnterCritical
    tmbox.o(i.tMboxDelete) refers to tevent.o(i.tEventWaitCount) for tEventWaitCount
    tmbox.o(i.tMboxDelete) refers to tevent.o(i.tEventRemoveAll) for tEventRemoveAll
    tmbox.o(i.tMboxDelete) refers to ttask.o(i.tTaskSched) for tTaskSched
    tmbox.o(i.tMboxGetInfo) refers to tcpu_1.o(CODE) for tTaskEnterCritical
    tmbox.o(i.tMboxGetInfo) refers to tevent.o(i.tEventWaitCount) for tEventWaitCount
    tmbox.o(i.tMboxInit) refers to tevent.o(i.tEventInit) for tEventInit
    tmbox.o(i.tMboxNoWait) refers to tcpu_1.o(CODE) for tTaskEnterCritical
    tmbox.o(i.tMboxNotify) refers to tcpu_1.o(CODE) for tTaskEnterCritical
    tmbox.o(i.tMboxNotify) refers to tevent.o(i.tEventWaitCount) for tEventWaitCount
    tmbox.o(i.tMboxNotify) refers to tevent.o(i.tEventWakeUp) for tEventWakeUp
    tmbox.o(i.tMboxNotify) refers to ttask.o(i.tTaskSched) for tTaskSched
    tmbox.o(i.tMboxNotify) refers to ttask.o(.data) for currentTask
    tmbox.o(i.tMboxWait) refers to tcpu_1.o(CODE) for tTaskEnterCritical
    tmbox.o(i.tMboxWait) refers to tevent.o(i.tEventWait) for tEventWait
    tmbox.o(i.tMboxWait) refers to ttask.o(i.tTaskSched) for tTaskSched
    tmbox.o(i.tMboxWait) refers to ttask.o(.data) for currentTask
    tmemblock.o(i.tMemBlockDelete) refers to tcpu_1.o(CODE) for tTaskEnterCritical
    tmemblock.o(i.tMemBlockDelete) refers to tevent.o(i.tEventRemoveAll) for tEventRemoveAll
    tmemblock.o(i.tMemBlockDelete) refers to ttask.o(i.tTaskSched) for tTaskSched
    tmemblock.o(i.tMemBlockGetInfo) refers to tcpu_1.o(CODE) for tTaskEnterCritical
    tmemblock.o(i.tMemBlockInit) refers to tevent.o(i.tEventInit) for tEventInit
    tmemblock.o(i.tMemBlockInit) refers to tlist.o(i.tListInit) for tListInit
    tmemblock.o(i.tMemBlockInit) refers to tlist.o(i.tNodeInit) for tNodeInit
    tmemblock.o(i.tMemBlockInit) refers to tlist.o(i.tListInsertAfterLast) for tListInsertAfterLast
    tmemblock.o(i.tMemBlockNoWaitGet) refers to tcpu_1.o(CODE) for tTaskEnterCritical
    tmemblock.o(i.tMemBlockNoWaitGet) refers to tlist.o(i.tListRemoveFirstNode) for tListRemoveFirstNode
    tmemblock.o(i.tMemBlockNotify) refers to tcpu_1.o(CODE) for tTaskEnterCritical
    tmemblock.o(i.tMemBlockNotify) refers to tevent.o(i.tEventWakeUp) for tEventWakeUp
    tmemblock.o(i.tMemBlockNotify) refers to ttask.o(i.tTaskSched) for tTaskSched
    tmemblock.o(i.tMemBlockNotify) refers to tlist.o(i.tListInsertAfterLast) for tListInsertAfterLast
    tmemblock.o(i.tMemBlockNotify) refers to ttask.o(.data) for currentTask
    tmemblock.o(i.tMemBlockWait) refers to tcpu_1.o(CODE) for tTaskEnterCritical
    tmemblock.o(i.tMemBlockWait) refers to tlist.o(i.tListRemoveFirstNode) for tListRemoveFirstNode
    tmemblock.o(i.tMemBlockWait) refers to tevent.o(i.tEventWait) for tEventWait
    tmemblock.o(i.tMemBlockWait) refers to ttask.o(i.tTaskSched) for tTaskSched
    tmemblock.o(i.tMemBlockWait) refers to ttask.o(.data) for currentTask
    tsem.o(i.tSemDelete) refers to tcpu_1.o(CODE) for tTaskEnterCritical
    tsem.o(i.tSemDelete) refers to tevent.o(i.tEventRemoveAll) for tEventRemoveAll
    tsem.o(i.tSemDelete) refers to ttask.o(i.tTaskSched) for tTaskSched
    tsem.o(i.tSemGetInfo) refers to tcpu_1.o(CODE) for tTaskEnterCritical
    tsem.o(i.tSemInit) refers to tevent.o(i.tEventInit) for tEventInit
    tsem.o(i.tSemNoWaitGet) refers to tcpu_1.o(CODE) for tTaskEnterCritical
    tsem.o(i.tSemNotify) refers to tcpu_1.o(CODE) for tTaskEnterCritical
    tsem.o(i.tSemNotify) refers to tevent.o(i.tEventWakeUp) for tEventWakeUp
    tsem.o(i.tSemNotify) refers to ttask.o(i.tTaskSched) for tTaskSched
    tsem.o(i.tSemNotify) refers to ttask.o(.data) for currentTask
    tsem.o(i.tSemWait) refers to tcpu_1.o(CODE) for tTaskEnterCritical
    tsem.o(i.tSemWait) refers to tevent.o(i.tEventWait) for tEventWait
    tsem.o(i.tSemWait) refers to ttask.o(i.tTaskSched) for tTaskSched
    tsem.o(i.tSemWait) refers to ttask.o(.data) for currentTask
    ttask.o(i.tSchedLockInit) refers to ttask.o(.data) for .data
    ttask.o(i.tTaskDelayedListInit) refers to tlist.o(i.tListInit) for tListInit
    ttask.o(i.tTaskDelayedListInit) refers to ttask.o(.bss) for .bss
    ttask.o(i.tTaskDeleteSelf) refers to tcpu_1.o(CODE) for tTaskEnterCritical
    ttask.o(i.tTaskDeleteSelf) refers to tlist.o(i.tListRemoveNode) for tListRemoveNode
    ttask.o(i.tTaskDeleteSelf) refers to tbitmap.o(i.tBitmapReset) for tBitmapReset
    ttask.o(i.tTaskDeleteSelf) refers to ttask.o(i.tTaskSched) for tTaskSched
    ttask.o(i.tTaskDeleteSelf) refers to ttask.o(.data) for .data
    ttask.o(i.tTaskDeleteSelf) refers to ttask.o(.bss) for .bss
    ttask.o(i.tTaskForceDelete) refers to tcpu_1.o(CODE) for tTaskEnterCritical
    ttask.o(i.tTaskForceDelete) refers to tlist.o(i.tListRemoveNode) for tListRemoveNode
    ttask.o(i.tTaskForceDelete) refers to tbitmap.o(i.tBitmapReset) for tBitmapReset
    ttask.o(i.tTaskForceDelete) refers to ttask.o(i.tTaskSched) for tTaskSched
    ttask.o(i.tTaskForceDelete) refers to ttask.o(.bss) for .bss
    ttask.o(i.tTaskForceDelete) refers to ttask.o(.data) for .data
    ttask.o(i.tTaskGetInfo) refers to tcpu_1.o(CODE) for tTaskEnterCritical
    ttask.o(i.tTaskHighestReady) refers to tbitmap.o(i.tBitmapGetFirstSet) for tBitmapGetFirstSet
    ttask.o(i.tTaskHighestReady) refers to tlist.o(i.tListFirstNode) for tListFirstNode
    ttask.o(i.tTaskHighestReady) refers to ttask.o(.data) for .data
    ttask.o(i.tTaskHighestReady) refers to ttask.o(.bss) for .bss
    ttask.o(i.tTaskInit) refers to memseta.o(.text) for __aeabi_memclr4
    ttask.o(i.tTaskInit) refers to tlist.o(i.tNodeInit) for tNodeInit
    ttask.o(i.tTaskInit) refers to tlist.o(i.tListInsertAfterLast) for tListInsertAfterLast
    ttask.o(i.tTaskInit) refers to tbitmap.o(i.tBitmapSet) for tBitmapSet
    ttask.o(i.tTaskInit) refers to ttask.o(.bss) for .bss
    ttask.o(i.tTaskInit) refers to ttask.o(.data) for .data
    ttask.o(i.tTaskIsRequestedFlag) refers to tcpu_1.o(CODE) for tTaskEnterCritical
    ttask.o(i.tTaskIsRequestedFlag) refers to ttask.o(.data) for .data
    ttask.o(i.tTaskPrioListInit) refers to tlist.o(i.tListInit) for tListInit
    ttask.o(i.tTaskPrioListInit) refers to ttask.o(.bss) for .bss
    ttask.o(i.tTaskRequestDelete) refers to tcpu_1.o(CODE) for tTaskEnterCritical
    ttask.o(i.tTaskSched) refers to tcpu_1.o(CODE) for tTaskEnterCritical
    ttask.o(i.tTaskSched) refers to ttask.o(i.tTaskHighestReady) for tTaskHighestReady
    ttask.o(i.tTaskSched) refers to ttask.o(.data) for .data
    ttask.o(i.tTaskSchedDisable) refers to tcpu_1.o(CODE) for tTaskEnterCritical
    ttask.o(i.tTaskSchedDisable) refers to ttask.o(.data) for .data
    ttask.o(i.tTaskSchedEnable) refers to tcpu_1.o(CODE) for tTaskEnterCritical
    ttask.o(i.tTaskSchedEnable) refers to ttask.o(i.tTaskSched) for tTaskSched
    ttask.o(i.tTaskSchedEnable) refers to ttask.o(.data) for .data
    ttask.o(i.tTaskStateReady) refers to tlist.o(i.tListInsertAfterLast) for tListInsertAfterLast
    ttask.o(i.tTaskStateReady) refers to tbitmap.o(i.tBitmapSet) for tBitmapSet
    ttask.o(i.tTaskStateReady) refers to tlist.o(i.tListRemoveNode) for tListRemoveNode
    ttask.o(i.tTaskStateReady) refers to ttask.o(.bss) for .bss
    ttask.o(i.tTaskStateReady) refers to ttask.o(.data) for .data
    ttask.o(i.tTaskStateUnReady) refers to tlist.o(i.tListRemoveNode) for tListRemoveNode
    ttask.o(i.tTaskStateUnReady) refers to tbitmap.o(i.tBitmapReset) for tBitmapReset
    ttask.o(i.tTaskStateUnReady) refers to tlist.o(i.tListInsertAfterLast) for tListInsertAfterLast
    ttask.o(i.tTaskStateUnReady) refers to ttask.o(.bss) for .bss
    ttask.o(i.tTaskStateUnReady) refers to ttask.o(.data) for .data
    ttask.o(i.tTaskSuspend) refers to tcpu_1.o(CODE) for tTaskEnterCritical
    ttask.o(i.tTaskSuspend) refers to tlist.o(i.tListRemoveNode) for tListRemoveNode
    ttask.o(i.tTaskSuspend) refers to tbitmap.o(i.tBitmapReset) for tBitmapReset
    ttask.o(i.tTaskSuspend) refers to ttask.o(i.tTaskSched) for tTaskSched
    ttask.o(i.tTaskSuspend) refers to ttask.o(.bss) for .bss
    ttask.o(i.tTaskSuspend) refers to ttask.o(.data) for .data
    ttask.o(i.tTaskWakeUp) refers to tcpu_1.o(CODE) for tTaskEnterCritical
    ttask.o(i.tTaskWakeUp) refers to tlist.o(i.tListInsertAfterLast) for tListInsertAfterLast
    ttask.o(i.tTaskWakeUp) refers to tbitmap.o(i.tBitmapSet) for tBitmapSet
    ttask.o(i.tTaskWakeUp) refers to ttask.o(i.tTaskSched) for tTaskSched
    ttask.o(i.tTaskWakeUp) refers to ttask.o(.bss) for .bss
    ttask.o(i.tTaskWakeUp) refers to ttask.o(.data) for .data
    ttime.o(i.SysTick_Handler) refers to ttime.o(i.tDelayTickHandler) for tDelayTickHandler
    ttime.o(i.tDelayTickHandler) refers to tcpu_1.o(CODE) for tTaskEnterCritical
    ttime.o(i.tDelayTickHandler) refers to tevent.o(i.tEventRemoveTask) for tEventRemoveTask
    ttime.o(i.tDelayTickHandler) refers to ttask.o(i.tTaskStateReady) for tTaskStateReady
    ttime.o(i.tDelayTickHandler) refers to tlist.o(i.tListRemoveNode) for tListRemoveNode
    ttime.o(i.tDelayTickHandler) refers to tlist.o(i.tListInsertAfterLast) for tListInsertAfterLast
    ttime.o(i.tDelayTickHandler) refers to ttask.o(i.tTaskSched) for tTaskSched
    ttime.o(i.tDelayTickHandler) refers to ttask.o(.bss) for tTaskDelayedList
    ttime.o(i.tDelayTickHandler) refers to ttask.o(.data) for currentTask
    ttime.o(i.tGetCPUUsage) refers to ttask.o(i.tTaskSchedEnable) for tTaskSchedEnable
    ttime.o(i.tGetCPUUsage) refers to ttime.o(.data) for .data
    ttime.o(i.tSetSysTickPeriod) refers to system_stm32f7xx.o(.data) for SystemCoreClock
    ttime.o(i.tTaskDelay) refers to tcpu_1.o(CODE) for tTaskEnterCritical
    ttime.o(i.tTaskDelay) refers to ttask.o(i.tTaskStateUnReady) for tTaskStateUnReady
    ttime.o(i.tTaskDelay) refers to ttask.o(i.tTaskSched) for tTaskSched
    ttime.o(i.tTaskDelay) refers to ttask.o(.data) for currentTask
    ttimer.o(i.tTimerHardTickProc) refers to tcpu_1.o(CODE) for tTaskEnterCritical
    ttimer.o(i.tTimerHardTickProc) refers to ttimer.o(i.tTimerTraverseList) for tTimerTraverseList
    ttimer.o(i.tTimerHardTickProc) refers to tsem.o(i.tSemNotify) for tSemNotify
    ttimer.o(i.tTimerHardTickProc) refers to ttimer.o(.bss) for .bss
    ttimer.o(i.tTimerInit) refers to tlist.o(i.tNodeInit) for tNodeInit
    ttimer.o(i.tTimerModuleInit) refers to tlist.o(i.tListInit) for tListInit
    ttimer.o(i.tTimerModuleInit) refers to tsem.o(i.tSemInit) for tSemInit
    ttimer.o(i.tTimerModuleInit) refers to ttask.o(i.tTaskInit) for tTaskInit
    ttimer.o(i.tTimerModuleInit) refers to ttimer.o(.bss) for .bss
    ttimer.o(i.tTimerModuleInit) refers to ttimer.o(i.tTimerSoftTaskEntry) for tTimerSoftTaskEntry
    ttimer.o(i.tTimerSoftTaskEntry) refers to tsem.o(i.tSemWait) for tSemWait
    ttimer.o(i.tTimerSoftTaskEntry) refers to ttimer.o(i.tTimerTraverseList) for tTimerTraverseList
    ttimer.o(i.tTimerSoftTaskEntry) refers to tsem.o(i.tSemNotify) for tSemNotify
    ttimer.o(i.tTimerSoftTaskEntry) refers to ttimer.o(.bss) for .bss
    ttimer.o(i.tTimerStart) refers to tcpu_1.o(CODE) for tTaskEnterCritical
    ttimer.o(i.tTimerStart) refers to tlist.o(i.tListInsertAfterLast) for tListInsertAfterLast
    ttimer.o(i.tTimerStart) refers to tsem.o(i.tSemWait) for tSemWait
    ttimer.o(i.tTimerStart) refers to tsem.o(i.tSemNotify) for tSemNotify
    ttimer.o(i.tTimerStart) refers to ttimer.o(.bss) for .bss
    ttimer.o(i.tTimerStop) refers to tcpu_1.o(CODE) for tTaskEnterCritical
    ttimer.o(i.tTimerStop) refers to tlist.o(i.tListRemoveNode) for tListRemoveNode
    ttimer.o(i.tTimerStop) refers to tsem.o(i.tSemWait) for tSemWait
    ttimer.o(i.tTimerStop) refers to tsem.o(i.tSemNotify) for tSemNotify
    ttimer.o(i.tTimerStop) refers to ttimer.o(.bss) for .bss
    ttimer.o(i.tTimerTraverseList) refers to tlist.o(i.tListRemoveNode) for tListRemoveNode
    tcpu_1.o(CODE) refers to ttask.o(.data) for currentTask
    delay.o(i.delay_init) refers to stm32f7xx_hal_cortex.o(i.HAL_SYSTICK_CLKSourceConfig) for HAL_SYSTICK_CLKSourceConfig
    delay.o(i.delay_init) refers to delay.o(.data) for .data
    delay.o(i.delay_ms) refers to delay.o(i.delay_us) for delay_us
    delay.o(i.delay_us) refers to delay.o(.data) for .data
    sys.o(i.Stm32_Clock_Init) refers to stm32f7xx_hal_rcc.o(i.HAL_RCC_OscConfig) for HAL_RCC_OscConfig
    sys.o(i.Stm32_Clock_Init) refers to stm32f7xx_hal_pwr_ex.o(i.HAL_PWREx_EnableOverDrive) for HAL_PWREx_EnableOverDrive
    sys.o(i.Stm32_Clock_Init) refers to stm32f7xx_hal_rcc.o(i.HAL_RCC_ClockConfig) for HAL_RCC_ClockConfig
    entry.o(.ARM.Collect$$$$00000000) refers (Special) to entry10a.o(.ARM.Collect$$$$0000000D) for __rt_final_cpp
    entry.o(.ARM.Collect$$$$00000000) refers (Special) to entry11a.o(.ARM.Collect$$$$0000000F) for __rt_final_exit
    entry.o(.ARM.Collect$$$$00000000) refers (Special) to entry7b.o(.ARM.Collect$$$$00000008) for _main_clock
    entry.o(.ARM.Collect$$$$00000000) refers (Special) to entry8b.o(.ARM.Collect$$$$0000000A) for _main_cpp_init
    entry.o(.ARM.Collect$$$$00000000) refers (Special) to entry9a.o(.ARM.Collect$$$$0000000B) for _main_init
    entry.o(.ARM.Collect$$$$00000000) refers (Special) to entry5.o(.ARM.Collect$$$$00000004) for _main_scatterload
    entry.o(.ARM.Collect$$$$00000000) refers (Special) to entry2.o(.ARM.Collect$$$$00000001) for _main_stk
    uldiv.o(.text) refers to llushr.o(.text) for __aeabi_llsr
    uldiv.o(.text) refers to llshl.o(.text) for __aeabi_llsl
    entry2.o(.ARM.Collect$$$$00000001) refers to entry2.o(.ARM.Collect$$$$00002712) for __lit__00000000
    entry2.o(.ARM.Collect$$$$00002712) refers to startup_stm32f767xx.o(STACK) for __initial_sp
    entry2.o(__vectab_stack_and_reset_area) refers to startup_stm32f767xx.o(STACK) for __initial_sp
    entry2.o(__vectab_stack_and_reset_area) refers to entry.o(.ARM.Collect$$$$00000000) for __main
    entry5.o(.ARM.Collect$$$$00000004) refers to init.o(.text) for __scatterload
    entry9a.o(.ARM.Collect$$$$0000000B) refers to main.o(i.main) for main
    entry9b.o(.ARM.Collect$$$$0000000C) refers to main.o(i.main) for main
    init.o(.text) refers to entry5.o(.ARM.Collect$$$$00000004) for __main_after_scatterload


==============================================================================

Removing Unused input sections from the image.

    Removing startup_stm32f767xx.o(HEAP), (8192 bytes).
    Removing main.o(.rev16_text), (4 bytes).
    Removing main.o(.revsh_text), (4 bytes).
    Removing main.o(.rrx_text), (6 bytes).
    Removing main.o(i.Error_Handler), (2 bytes).
    Removing stm32f7xx_it.o(.rev16_text), (4 bytes).
    Removing stm32f7xx_it.o(.revsh_text), (4 bytes).
    Removing stm32f7xx_it.o(.rrx_text), (6 bytes).
    Removing stm32f7xx_hal_msp.o(.rev16_text), (4 bytes).
    Removing stm32f7xx_hal_msp.o(.revsh_text), (4 bytes).
    Removing stm32f7xx_hal_msp.o(.rrx_text), (6 bytes).
    Removing app.o(.rev16_text), (4 bytes).
    Removing app.o(.revsh_text), (4 bytes).
    Removing app.o(.rrx_text), (6 bytes).
    Removing stm32f7xx_hal_cortex.o(.rev16_text), (4 bytes).
    Removing stm32f7xx_hal_cortex.o(.revsh_text), (4 bytes).
    Removing stm32f7xx_hal_cortex.o(.rrx_text), (6 bytes).
    Removing stm32f7xx_hal_cortex.o(i.HAL_MPU_ConfigRegion), (92 bytes).
    Removing stm32f7xx_hal_cortex.o(i.HAL_MPU_Disable), (28 bytes).
    Removing stm32f7xx_hal_cortex.o(i.HAL_MPU_Enable), (36 bytes).
    Removing stm32f7xx_hal_cortex.o(i.HAL_NVIC_ClearPendingIRQ), (26 bytes).
    Removing stm32f7xx_hal_cortex.o(i.HAL_NVIC_DisableIRQ), (34 bytes).
    Removing stm32f7xx_hal_cortex.o(i.HAL_NVIC_EnableIRQ), (26 bytes).
    Removing stm32f7xx_hal_cortex.o(i.HAL_NVIC_GetActive), (36 bytes).
    Removing stm32f7xx_hal_cortex.o(i.HAL_NVIC_GetPendingIRQ), (36 bytes).
    Removing stm32f7xx_hal_cortex.o(i.HAL_NVIC_GetPriority), (82 bytes).
    Removing stm32f7xx_hal_cortex.o(i.HAL_NVIC_GetPriorityGrouping), (16 bytes).
    Removing stm32f7xx_hal_cortex.o(i.HAL_NVIC_SetPendingIRQ), (26 bytes).
    Removing stm32f7xx_hal_cortex.o(i.HAL_NVIC_SystemReset), (36 bytes).
    Removing stm32f7xx_hal_cortex.o(i.HAL_SYSTICK_CLKSourceConfig), (24 bytes).
    Removing stm32f7xx_hal_cortex.o(i.HAL_SYSTICK_Callback), (2 bytes).
    Removing stm32f7xx_hal_cortex.o(i.HAL_SYSTICK_IRQHandler), (8 bytes).
    Removing stm32f7xx_hal_tim.o(.rev16_text), (4 bytes).
    Removing stm32f7xx_hal_tim.o(.revsh_text), (4 bytes).
    Removing stm32f7xx_hal_tim.o(.rrx_text), (6 bytes).
    Removing stm32f7xx_hal_tim_ex.o(.rev16_text), (4 bytes).
    Removing stm32f7xx_hal_tim_ex.o(.revsh_text), (4 bytes).
    Removing stm32f7xx_hal_tim_ex.o(.rrx_text), (6 bytes).
    Removing stm32f7xx_hal_rcc.o(.rev16_text), (4 bytes).
    Removing stm32f7xx_hal_rcc.o(.revsh_text), (4 bytes).
    Removing stm32f7xx_hal_rcc.o(.rrx_text), (6 bytes).
    Removing stm32f7xx_hal_rcc.o(i.HAL_RCC_CSSCallback), (2 bytes).
    Removing stm32f7xx_hal_rcc.o(i.HAL_RCC_DeInit), (320 bytes).
    Removing stm32f7xx_hal_rcc.o(i.HAL_RCC_DisableCSS), (16 bytes).
    Removing stm32f7xx_hal_rcc.o(i.HAL_RCC_EnableCSS), (16 bytes).
    Removing stm32f7xx_hal_rcc.o(i.HAL_RCC_GetClockConfig), (64 bytes).
    Removing stm32f7xx_hal_rcc.o(i.HAL_RCC_GetHCLKFreq), (12 bytes).
    Removing stm32f7xx_hal_rcc.o(i.HAL_RCC_GetOscConfig), (196 bytes).
    Removing stm32f7xx_hal_rcc.o(i.HAL_RCC_GetPCLK1Freq), (32 bytes).
    Removing stm32f7xx_hal_rcc.o(i.HAL_RCC_GetPCLK2Freq), (32 bytes).
    Removing stm32f7xx_hal_rcc.o(i.HAL_RCC_MCOConfig), (148 bytes).
    Removing stm32f7xx_hal_rcc.o(i.HAL_RCC_NMI_IRQHandler), (28 bytes).
    Removing stm32f7xx_hal_rcc_ex.o(.rev16_text), (4 bytes).
    Removing stm32f7xx_hal_rcc_ex.o(.revsh_text), (4 bytes).
    Removing stm32f7xx_hal_rcc_ex.o(.rrx_text), (6 bytes).
    Removing stm32f7xx_hal_rcc_ex.o(i.HAL_RCCEx_DisablePLLI2S), (48 bytes).
    Removing stm32f7xx_hal_rcc_ex.o(i.HAL_RCCEx_DisablePLLSAI), (52 bytes).
    Removing stm32f7xx_hal_rcc_ex.o(i.HAL_RCCEx_EnablePLLI2S), (112 bytes).
    Removing stm32f7xx_hal_rcc_ex.o(i.HAL_RCCEx_EnablePLLSAI), (120 bytes).
    Removing stm32f7xx_hal_rcc_ex.o(i.HAL_RCCEx_GetPeriphCLKConfig), (336 bytes).
    Removing stm32f7xx_hal_rcc_ex.o(i.HAL_RCCEx_GetPeriphCLKFreq), (272 bytes).
    Removing stm32f7xx_hal_rcc_ex.o(i.HAL_RCCEx_PeriphCLKConfig), (1340 bytes).
    Removing stm32f7xx_hal_flash.o(.rev16_text), (4 bytes).
    Removing stm32f7xx_hal_flash.o(.revsh_text), (4 bytes).
    Removing stm32f7xx_hal_flash.o(.rrx_text), (6 bytes).
    Removing stm32f7xx_hal_flash.o(i.FLASH_Program_Byte), (36 bytes).
    Removing stm32f7xx_hal_flash.o(i.FLASH_Program_DoubleWord), (44 bytes).
    Removing stm32f7xx_hal_flash.o(i.FLASH_Program_HalfWord), (40 bytes).
    Removing stm32f7xx_hal_flash.o(i.FLASH_Program_Word), (40 bytes).
    Removing stm32f7xx_hal_flash.o(i.FLASH_SetErrorCode), (88 bytes).
    Removing stm32f7xx_hal_flash.o(i.FLASH_WaitForLastOperation), (84 bytes).
    Removing stm32f7xx_hal_flash.o(i.HAL_FLASH_EndOfOperationCallback), (2 bytes).
    Removing stm32f7xx_hal_flash.o(i.HAL_FLASH_GetError), (12 bytes).
    Removing stm32f7xx_hal_flash.o(i.HAL_FLASH_IRQHandler), (248 bytes).
    Removing stm32f7xx_hal_flash.o(i.HAL_FLASH_Lock), (20 bytes).
    Removing stm32f7xx_hal_flash.o(i.HAL_FLASH_OB_Launch), (24 bytes).
    Removing stm32f7xx_hal_flash.o(i.HAL_FLASH_OB_Lock), (20 bytes).
    Removing stm32f7xx_hal_flash.o(i.HAL_FLASH_OB_Unlock), (40 bytes).
    Removing stm32f7xx_hal_flash.o(i.HAL_FLASH_OperationErrorCallback), (2 bytes).
    Removing stm32f7xx_hal_flash.o(i.HAL_FLASH_Program), (132 bytes).
    Removing stm32f7xx_hal_flash.o(i.HAL_FLASH_Program_IT), (132 bytes).
    Removing stm32f7xx_hal_flash.o(i.HAL_FLASH_Unlock), (48 bytes).
    Removing stm32f7xx_hal_flash.o(.bss), (28 bytes).
    Removing stm32f7xx_hal_flash_ex.o(.rev16_text), (4 bytes).
    Removing stm32f7xx_hal_flash_ex.o(.revsh_text), (4 bytes).
    Removing stm32f7xx_hal_flash_ex.o(.rrx_text), (6 bytes).
    Removing stm32f7xx_hal_flash_ex.o(i.FLASH_Erase_Sector), (92 bytes).
    Removing stm32f7xx_hal_flash_ex.o(i.FLASH_MassErase), (68 bytes).
    Removing stm32f7xx_hal_flash_ex.o(i.FLASH_OB_BootAddressConfig), (48 bytes).
    Removing stm32f7xx_hal_flash_ex.o(i.FLASH_OB_GetBootAddress), (20 bytes).
    Removing stm32f7xx_hal_flash_ex.o(i.HAL_FLASHEx_Erase), (144 bytes).
    Removing stm32f7xx_hal_flash_ex.o(i.HAL_FLASHEx_Erase_IT), (104 bytes).
    Removing stm32f7xx_hal_flash_ex.o(i.HAL_FLASHEx_OBGetConfig), (84 bytes).
    Removing stm32f7xx_hal_flash_ex.o(i.HAL_FLASHEx_OBProgram), (256 bytes).
    Removing stm32f7xx_hal_gpio.o(.rev16_text), (4 bytes).
    Removing stm32f7xx_hal_gpio.o(.revsh_text), (4 bytes).
    Removing stm32f7xx_hal_gpio.o(.rrx_text), (6 bytes).
    Removing stm32f7xx_hal_gpio.o(i.HAL_GPIO_DeInit), (388 bytes).
    Removing stm32f7xx_hal_gpio.o(i.HAL_GPIO_EXTI_Callback), (2 bytes).
    Removing stm32f7xx_hal_gpio.o(i.HAL_GPIO_EXTI_IRQHandler), (24 bytes).
    Removing stm32f7xx_hal_gpio.o(i.HAL_GPIO_LockPin), (34 bytes).
    Removing stm32f7xx_hal_gpio.o(i.HAL_GPIO_ReadPin), (10 bytes).
    Removing stm32f7xx_hal_gpio.o(i.HAL_GPIO_TogglePin), (14 bytes).
    Removing stm32f7xx_hal_dma.o(.rev16_text), (4 bytes).
    Removing stm32f7xx_hal_dma.o(.revsh_text), (4 bytes).
    Removing stm32f7xx_hal_dma.o(.rrx_text), (6 bytes).
    Removing stm32f7xx_hal_dma.o(i.DMA_CalcBaseAndBitshift), (40 bytes).
    Removing stm32f7xx_hal_dma.o(i.DMA_CheckFifoParam), (84 bytes).
    Removing stm32f7xx_hal_dma.o(i.DMA_SetConfig), (40 bytes).
    Removing stm32f7xx_hal_dma.o(i.HAL_DMA_Abort), (146 bytes).
    Removing stm32f7xx_hal_dma.o(i.HAL_DMA_Abort_IT), (36 bytes).
    Removing stm32f7xx_hal_dma.o(i.HAL_DMA_DeInit), (98 bytes).
    Removing stm32f7xx_hal_dma.o(i.HAL_DMA_GetError), (4 bytes).
    Removing stm32f7xx_hal_dma.o(i.HAL_DMA_GetState), (6 bytes).
    Removing stm32f7xx_hal_dma.o(i.HAL_DMA_IRQHandler), (416 bytes).
    Removing stm32f7xx_hal_dma.o(i.HAL_DMA_Init), (228 bytes).
    Removing stm32f7xx_hal_dma.o(i.HAL_DMA_PollForTransfer), (292 bytes).
    Removing stm32f7xx_hal_dma.o(i.HAL_DMA_RegisterCallback), (80 bytes).
    Removing stm32f7xx_hal_dma.o(i.HAL_DMA_Start), (74 bytes).
    Removing stm32f7xx_hal_dma.o(i.HAL_DMA_Start_IT), (122 bytes).
    Removing stm32f7xx_hal_dma.o(i.HAL_DMA_UnRegisterCallback), (96 bytes).
    Removing stm32f7xx_hal_dma.o(.constdata), (8 bytes).
    Removing stm32f7xx_hal_dma_ex.o(.rev16_text), (4 bytes).
    Removing stm32f7xx_hal_dma_ex.o(.revsh_text), (4 bytes).
    Removing stm32f7xx_hal_dma_ex.o(.rrx_text), (6 bytes).
    Removing stm32f7xx_hal_dma_ex.o(i.DMA_MultiBufferSetConfig), (30 bytes).
    Removing stm32f7xx_hal_dma_ex.o(i.HAL_DMAEx_ChangeMemory), (14 bytes).
    Removing stm32f7xx_hal_dma_ex.o(i.HAL_DMAEx_MultiBufferStart), (100 bytes).
    Removing stm32f7xx_hal_dma_ex.o(i.HAL_DMAEx_MultiBufferStart_IT), (2428 bytes).
    Removing stm32f7xx_hal_pwr.o(.rev16_text), (4 bytes).
    Removing stm32f7xx_hal_pwr.o(.revsh_text), (4 bytes).
    Removing stm32f7xx_hal_pwr.o(.rrx_text), (6 bytes).
    Removing stm32f7xx_hal_pwr.o(i.HAL_PWR_ConfigPVD), (124 bytes).
    Removing stm32f7xx_hal_pwr.o(i.HAL_PWR_DeInit), (24 bytes).
    Removing stm32f7xx_hal_pwr.o(i.HAL_PWR_DisableBkUpAccess), (16 bytes).
    Removing stm32f7xx_hal_pwr.o(i.HAL_PWR_DisablePVD), (16 bytes).
    Removing stm32f7xx_hal_pwr.o(i.HAL_PWR_DisableSEVOnPend), (16 bytes).
    Removing stm32f7xx_hal_pwr.o(i.HAL_PWR_DisableSleepOnExit), (16 bytes).
    Removing stm32f7xx_hal_pwr.o(i.HAL_PWR_DisableWakeUpPin), (16 bytes).
    Removing stm32f7xx_hal_pwr.o(i.HAL_PWR_EnableBkUpAccess), (16 bytes).
    Removing stm32f7xx_hal_pwr.o(i.HAL_PWR_EnablePVD), (16 bytes).
    Removing stm32f7xx_hal_pwr.o(i.HAL_PWR_EnableSEVOnPend), (16 bytes).
    Removing stm32f7xx_hal_pwr.o(i.HAL_PWR_EnableSleepOnExit), (16 bytes).
    Removing stm32f7xx_hal_pwr.o(i.HAL_PWR_EnableWakeUpPin), (28 bytes).
    Removing stm32f7xx_hal_pwr.o(i.HAL_PWR_EnterSLEEPMode), (40 bytes).
    Removing stm32f7xx_hal_pwr.o(i.HAL_PWR_EnterSTANDBYMode), (32 bytes).
    Removing stm32f7xx_hal_pwr.o(i.HAL_PWR_EnterSTOPMode), (64 bytes).
    Removing stm32f7xx_hal_pwr.o(i.HAL_PWR_PVDCallback), (2 bytes).
    Removing stm32f7xx_hal_pwr.o(i.HAL_PWR_PVD_IRQHandler), (28 bytes).
    Removing stm32f7xx_hal_pwr_ex.o(.rev16_text), (4 bytes).
    Removing stm32f7xx_hal_pwr_ex.o(.revsh_text), (4 bytes).
    Removing stm32f7xx_hal_pwr_ex.o(.rrx_text), (6 bytes).
    Removing stm32f7xx_hal_pwr_ex.o(i.HAL_PWREx_ControlVoltageScaling), (176 bytes).
    Removing stm32f7xx_hal_pwr_ex.o(i.HAL_PWREx_DisableBkUpReg), (64 bytes).
    Removing stm32f7xx_hal_pwr_ex.o(i.HAL_PWREx_DisableFlashPowerDown), (16 bytes).
    Removing stm32f7xx_hal_pwr_ex.o(i.HAL_PWREx_DisableLowRegulatorLowVoltage), (16 bytes).
    Removing stm32f7xx_hal_pwr_ex.o(i.HAL_PWREx_DisableMainRegulatorLowVoltage), (16 bytes).
    Removing stm32f7xx_hal_pwr_ex.o(i.HAL_PWREx_DisableOverDrive), (108 bytes).
    Removing stm32f7xx_hal_pwr_ex.o(i.HAL_PWREx_EnableBkUpReg), (64 bytes).
    Removing stm32f7xx_hal_pwr_ex.o(i.HAL_PWREx_EnableFlashPowerDown), (16 bytes).
    Removing stm32f7xx_hal_pwr_ex.o(i.HAL_PWREx_EnableLowRegulatorLowVoltage), (16 bytes).
    Removing stm32f7xx_hal_pwr_ex.o(i.HAL_PWREx_EnableMainRegulatorLowVoltage), (16 bytes).
    Removing stm32f7xx_hal_pwr_ex.o(i.HAL_PWREx_EnterUnderDriveSTOPMode), (144 bytes).
    Removing stm32f7xx_hal_pwr_ex.o(i.HAL_PWREx_GetVoltageRange), (16 bytes).
    Removing stm32f7xx_hal.o(.rev16_text), (4 bytes).
    Removing stm32f7xx_hal.o(.revsh_text), (4 bytes).
    Removing stm32f7xx_hal.o(.rrx_text), (6 bytes).
    Removing stm32f7xx_hal.o(i.HAL_DBGMCU_DisableDBGSleepMode), (16 bytes).
    Removing stm32f7xx_hal.o(i.HAL_DBGMCU_DisableDBGStandbyMode), (16 bytes).
    Removing stm32f7xx_hal.o(i.HAL_DBGMCU_DisableDBGStopMode), (16 bytes).
    Removing stm32f7xx_hal.o(i.HAL_DBGMCU_EnableDBGSleepMode), (16 bytes).
    Removing stm32f7xx_hal.o(i.HAL_DBGMCU_EnableDBGStandbyMode), (16 bytes).
    Removing stm32f7xx_hal.o(i.HAL_DBGMCU_EnableDBGStopMode), (16 bytes).
    Removing stm32f7xx_hal.o(i.HAL_DeInit), (52 bytes).
    Removing stm32f7xx_hal.o(i.HAL_Delay), (36 bytes).
    Removing stm32f7xx_hal.o(i.HAL_DisableCompensationCell), (16 bytes).
    Removing stm32f7xx_hal.o(i.HAL_DisableFMCMemorySwapping), (16 bytes).
    Removing stm32f7xx_hal.o(i.HAL_DisableMemorySwappingBank), (16 bytes).
    Removing stm32f7xx_hal.o(i.HAL_EnableCompensationCell), (16 bytes).
    Removing stm32f7xx_hal.o(i.HAL_EnableFMCMemorySwapping), (16 bytes).
    Removing stm32f7xx_hal.o(i.HAL_EnableMemorySwappingBank), (16 bytes).
    Removing stm32f7xx_hal.o(i.HAL_GetDEVID), (16 bytes).
    Removing stm32f7xx_hal.o(i.HAL_GetHalVersion), (8 bytes).
    Removing stm32f7xx_hal.o(i.HAL_GetREVID), (12 bytes).
    Removing stm32f7xx_hal.o(i.HAL_GetTickFreq), (12 bytes).
    Removing stm32f7xx_hal.o(i.HAL_GetTickPrio), (12 bytes).
    Removing stm32f7xx_hal.o(i.HAL_GetUIDw0), (12 bytes).
    Removing stm32f7xx_hal.o(i.HAL_GetUIDw1), (12 bytes).
    Removing stm32f7xx_hal.o(i.HAL_GetUIDw2), (12 bytes).
    Removing stm32f7xx_hal.o(i.HAL_IncTick), (16 bytes).
    Removing stm32f7xx_hal.o(i.HAL_MspDeInit), (2 bytes).
    Removing stm32f7xx_hal.o(i.HAL_MspInit), (2 bytes).
    Removing stm32f7xx_hal.o(i.HAL_ResumeTick), (14 bytes).
    Removing stm32f7xx_hal.o(i.HAL_SetTickFreq), (32 bytes).
    Removing stm32f7xx_hal.o(i.HAL_SuspendTick), (14 bytes).
    Removing stm32f7xx_hal_i2c.o(.rev16_text), (4 bytes).
    Removing stm32f7xx_hal_i2c.o(.revsh_text), (4 bytes).
    Removing stm32f7xx_hal_i2c.o(.rrx_text), (6 bytes).
    Removing stm32f7xx_hal_i2c.o(i.HAL_I2C_AbortCpltCallback), (2 bytes).
    Removing stm32f7xx_hal_i2c.o(i.HAL_I2C_AddrCallback), (2 bytes).
    Removing stm32f7xx_hal_i2c.o(i.HAL_I2C_DeInit), (52 bytes).
    Removing stm32f7xx_hal_i2c.o(i.HAL_I2C_DisableListen_IT), (54 bytes).
    Removing stm32f7xx_hal_i2c.o(i.HAL_I2C_ER_IRQHandler), (104 bytes).
    Removing stm32f7xx_hal_i2c.o(i.HAL_I2C_EV_IRQHandler), (16 bytes).
    Removing stm32f7xx_hal_i2c.o(i.HAL_I2C_EnableListen_IT), (40 bytes).
    Removing stm32f7xx_hal_i2c.o(i.HAL_I2C_ErrorCallback), (2 bytes).
    Removing stm32f7xx_hal_i2c.o(i.HAL_I2C_GetError), (4 bytes).
    Removing stm32f7xx_hal_i2c.o(i.HAL_I2C_GetMode), (6 bytes).
    Removing stm32f7xx_hal_i2c.o(i.HAL_I2C_GetState), (6 bytes).
    Removing stm32f7xx_hal_i2c.o(i.HAL_I2C_Init), (184 bytes).
    Removing stm32f7xx_hal_i2c.o(i.HAL_I2C_IsDeviceReady), (304 bytes).
    Removing stm32f7xx_hal_i2c.o(i.HAL_I2C_ListenCpltCallback), (2 bytes).
    Removing stm32f7xx_hal_i2c.o(i.HAL_I2C_MasterRxCpltCallback), (2 bytes).
    Removing stm32f7xx_hal_i2c.o(i.HAL_I2C_MasterTxCpltCallback), (2 bytes).
    Removing stm32f7xx_hal_i2c.o(i.HAL_I2C_Master_Abort_IT), (96 bytes).
    Removing stm32f7xx_hal_i2c.o(i.HAL_I2C_Master_Receive), (292 bytes).
    Removing stm32f7xx_hal_i2c.o(i.HAL_I2C_Master_Receive_DMA), (300 bytes).
    Removing stm32f7xx_hal_i2c.o(i.HAL_I2C_Master_Receive_IT), (132 bytes).
    Removing stm32f7xx_hal_i2c.o(i.HAL_I2C_Master_Seq_Receive_DMA), (324 bytes).
    Removing stm32f7xx_hal_i2c.o(i.HAL_I2C_Master_Seq_Receive_IT), (160 bytes).
    Removing stm32f7xx_hal_i2c.o(i.HAL_I2C_Master_Seq_Transmit_DMA), (324 bytes).
    Removing stm32f7xx_hal_i2c.o(i.HAL_I2C_Master_Seq_Transmit_IT), (160 bytes).
    Removing stm32f7xx_hal_i2c.o(i.HAL_I2C_Master_Transmit), (292 bytes).
    Removing stm32f7xx_hal_i2c.o(i.HAL_I2C_Master_Transmit_DMA), (308 bytes).
    Removing stm32f7xx_hal_i2c.o(i.HAL_I2C_Master_Transmit_IT), (132 bytes).
    Removing stm32f7xx_hal_i2c.o(i.HAL_I2C_MemRxCpltCallback), (2 bytes).
    Removing stm32f7xx_hal_i2c.o(i.HAL_I2C_MemTxCpltCallback), (2 bytes).
    Removing stm32f7xx_hal_i2c.o(i.HAL_I2C_Mem_Read), (356 bytes).
    Removing stm32f7xx_hal_i2c.o(i.HAL_I2C_Mem_Read_DMA), (304 bytes).
    Removing stm32f7xx_hal_i2c.o(i.HAL_I2C_Mem_Read_IT), (196 bytes).
    Removing stm32f7xx_hal_i2c.o(i.HAL_I2C_Mem_Write), (344 bytes).
    Removing stm32f7xx_hal_i2c.o(i.HAL_I2C_Mem_Write_DMA), (296 bytes).
    Removing stm32f7xx_hal_i2c.o(i.HAL_I2C_Mem_Write_IT), (188 bytes).
    Removing stm32f7xx_hal_i2c.o(i.HAL_I2C_MspDeInit), (2 bytes).
    Removing stm32f7xx_hal_i2c.o(i.HAL_I2C_MspInit), (2 bytes).
    Removing stm32f7xx_hal_i2c.o(i.HAL_I2C_SlaveRxCpltCallback), (2 bytes).
    Removing stm32f7xx_hal_i2c.o(i.HAL_I2C_SlaveTxCpltCallback), (2 bytes).
    Removing stm32f7xx_hal_i2c.o(i.HAL_I2C_Slave_Receive), (296 bytes).
    Removing stm32f7xx_hal_i2c.o(i.HAL_I2C_Slave_Receive_DMA), (228 bytes).
    Removing stm32f7xx_hal_i2c.o(i.HAL_I2C_Slave_Receive_IT), (92 bytes).
    Removing stm32f7xx_hal_i2c.o(i.HAL_I2C_Slave_Seq_Receive_DMA), (356 bytes).
    Removing stm32f7xx_hal_i2c.o(i.HAL_I2C_Slave_Seq_Receive_IT), (196 bytes).
    Removing stm32f7xx_hal_i2c.o(i.HAL_I2C_Slave_Seq_Transmit_DMA), (356 bytes).
    Removing stm32f7xx_hal_i2c.o(i.HAL_I2C_Slave_Seq_Transmit_IT), (196 bytes).
    Removing stm32f7xx_hal_i2c.o(i.HAL_I2C_Slave_Transmit), (304 bytes).
    Removing stm32f7xx_hal_i2c.o(i.HAL_I2C_Slave_Transmit_DMA), (220 bytes).
    Removing stm32f7xx_hal_i2c.o(i.HAL_I2C_Slave_Transmit_IT), (92 bytes).
    Removing stm32f7xx_hal_i2c.o(i.I2C_ConvertOtherXferOptions), (26 bytes).
    Removing stm32f7xx_hal_i2c.o(i.I2C_DMAAbort), (40 bytes).
    Removing stm32f7xx_hal_i2c.o(i.I2C_DMAError), (66 bytes).
    Removing stm32f7xx_hal_i2c.o(i.I2C_DMAMasterReceiveCplt), (78 bytes).
    Removing stm32f7xx_hal_i2c.o(i.I2C_DMAMasterTransmitCplt), (78 bytes).
    Removing stm32f7xx_hal_i2c.o(i.I2C_DMASlaveReceiveCplt), (36 bytes).
    Removing stm32f7xx_hal_i2c.o(i.I2C_DMASlaveTransmitCplt), (30 bytes).
    Removing stm32f7xx_hal_i2c.o(i.I2C_Disable_IRQ), (86 bytes).
    Removing stm32f7xx_hal_i2c.o(i.I2C_Enable_IRQ), (92 bytes).
    Removing stm32f7xx_hal_i2c.o(i.I2C_Flush_TXDR), (34 bytes).
    Removing stm32f7xx_hal_i2c.o(i.I2C_ITAddrCplt), (136 bytes).
    Removing stm32f7xx_hal_i2c.o(i.I2C_ITError), (224 bytes).
    Removing stm32f7xx_hal_i2c.o(i.I2C_ITListenCplt), (100 bytes).
    Removing stm32f7xx_hal_i2c.o(i.I2C_ITMasterCplt), (188 bytes).
    Removing stm32f7xx_hal_i2c.o(i.I2C_ITMasterSeqCplt), (80 bytes).
    Removing stm32f7xx_hal_i2c.o(i.I2C_ITSlaveCplt), (240 bytes).
    Removing stm32f7xx_hal_i2c.o(i.I2C_ITSlaveSeqCplt), (84 bytes).
    Removing stm32f7xx_hal_i2c.o(i.I2C_IsAcknowledgeFailed), (136 bytes).
    Removing stm32f7xx_hal_i2c.o(i.I2C_Master_ISR_DMA), (272 bytes).
    Removing stm32f7xx_hal_i2c.o(i.I2C_Master_ISR_IT), (296 bytes).
    Removing stm32f7xx_hal_i2c.o(i.I2C_RequestMemoryRead), (100 bytes).
    Removing stm32f7xx_hal_i2c.o(i.I2C_RequestMemoryWrite), (100 bytes).
    Removing stm32f7xx_hal_i2c.o(i.I2C_Slave_ISR_DMA), (222 bytes).
    Removing stm32f7xx_hal_i2c.o(i.I2C_Slave_ISR_IT), (292 bytes).
    Removing stm32f7xx_hal_i2c.o(i.I2C_TransferConfig), (44 bytes).
    Removing stm32f7xx_hal_i2c.o(i.I2C_WaitOnFlagUntilTimeout), (90 bytes).
    Removing stm32f7xx_hal_i2c.o(i.I2C_WaitOnRXNEFlagUntilTimeout), (136 bytes).
    Removing stm32f7xx_hal_i2c.o(i.I2C_WaitOnSTOPFlagUntilTimeout), (78 bytes).
    Removing stm32f7xx_hal_i2c.o(i.I2C_WaitOnTXISFlagUntilTimeout), (82 bytes).
    Removing stm32f7xx_hal_i2c_ex.o(.rev16_text), (4 bytes).
    Removing stm32f7xx_hal_i2c_ex.o(.revsh_text), (4 bytes).
    Removing stm32f7xx_hal_i2c_ex.o(.rrx_text), (6 bytes).
    Removing stm32f7xx_hal_i2c_ex.o(i.HAL_I2CEx_ConfigAnalogFilter), (88 bytes).
    Removing stm32f7xx_hal_i2c_ex.o(i.HAL_I2CEx_ConfigDigitalFilter), (84 bytes).
    Removing stm32f7xx_hal_i2c_ex.o(i.HAL_I2CEx_DisableFastModePlus), (40 bytes).
    Removing stm32f7xx_hal_i2c_ex.o(i.HAL_I2CEx_EnableFastModePlus), (40 bytes).
    Removing stm32f7xx_hal_exti.o(.rev16_text), (4 bytes).
    Removing stm32f7xx_hal_exti.o(.revsh_text), (4 bytes).
    Removing stm32f7xx_hal_exti.o(.rrx_text), (6 bytes).
    Removing stm32f7xx_hal_exti.o(i.HAL_EXTI_ClearConfigLine), (56 bytes).
    Removing stm32f7xx_hal_exti.o(i.HAL_EXTI_ClearPending), (12 bytes).
    Removing stm32f7xx_hal_exti.o(i.HAL_EXTI_GenerateSWI), (12 bytes).
    Removing stm32f7xx_hal_exti.o(i.HAL_EXTI_GetConfigLine), (104 bytes).
    Removing stm32f7xx_hal_exti.o(i.HAL_EXTI_GetHandle), (12 bytes).
    Removing stm32f7xx_hal_exti.o(i.HAL_EXTI_GetPending), (24 bytes).
    Removing stm32f7xx_hal_exti.o(i.HAL_EXTI_IRQHandler), (28 bytes).
    Removing stm32f7xx_hal_exti.o(i.HAL_EXTI_RegisterCallback), (16 bytes).
    Removing stm32f7xx_hal_exti.o(i.HAL_EXTI_SetConfigLine), (108 bytes).
    Removing system_stm32f7xx.o(.rev16_text), (4 bytes).
    Removing system_stm32f7xx.o(.revsh_text), (4 bytes).
    Removing system_stm32f7xx.o(.rrx_text), (6 bytes).
    Removing system_stm32f7xx.o(i.SystemCoreClockUpdate), (128 bytes).
    Removing system_stm32f7xx.o(.constdata), (8 bytes).
    Removing tbitmap.o(i.tBitmapPosLen), (4 bytes).
    Removing tbitmap.o(i.tFirst1Process), (44 bytes).
    Removing tbitmap.o(.bss), (256 bytes).
    Removing tevent.o(i.tEventInit), (8 bytes).
    Removing tevent.o(i.tEventRemoveAll), (124 bytes).
    Removing tevent.o(i.tEventWait), (192 bytes).
    Removing tevent.o(i.tEventWaitCount), (18 bytes).
    Removing tevent.o(i.tEventWakeUp), (120 bytes).
    Removing thooks.o(i.tHooksCpuIdle), (2 bytes).
    Removing thooks.o(i.tHooksSysTick), (2 bytes).
    Removing thooks.o(i.tHooksTaskInit), (2 bytes).
    Removing thooks.o(i.tHooksTaskSwitch), (2 bytes).
    Removing tlist.o(i.tListCount), (4 bytes).
    Removing tlist.o(i.tListInsertAfterNode), (24 bytes).
    Removing tlist.o(i.tListInsertBeforeFirst), (24 bytes).
    Removing tlist.o(i.tListLastNode), (12 bytes).
    Removing tlist.o(i.tListNodeNext), (10 bytes).
    Removing tlist.o(i.tListNodePre), (10 bytes).
    Removing tlist.o(i.tListRemoveAll), (28 bytes).
    Removing tlist.o(i.tListRemoveFirstNode), (28 bytes).
    Removing tmbox.o(i.tMboxClear), (36 bytes).
    Removing tmbox.o(i.tMboxDelete), (44 bytes).
    Removing tmbox.o(i.tMboxGetInfo), (38 bytes).
    Removing tmbox.o(i.tMboxInit), (28 bytes).
    Removing tmbox.o(i.tMboxNoWait), (66 bytes).
    Removing tmbox.o(i.tMboxNotify), (144 bytes).
    Removing tmbox.o(i.tMboxWait), (100 bytes).
    Removing tmemblock.o(i.tMemBlockDelete), (38 bytes).
    Removing tmemblock.o(i.tMemBlockGetInfo), (34 bytes).
    Removing tmemblock.o(i.tMemBlockInit), (70 bytes).
    Removing tmemblock.o(i.tMemBlockNoWaitGet), (46 bytes).
    Removing tmemblock.o(i.tMemBlockNotify), (68 bytes).
    Removing tmemblock.o(i.tMemBlockWait), (80 bytes).
    Removing tsem.o(i.tSemDelete), (42 bytes).
    Removing tsem.o(i.tSemGetInfo), (30 bytes).
    Removing tsem.o(i.tSemInit), (32 bytes).
    Removing tsem.o(i.tSemNoWaitGet), (32 bytes).
    Removing tsem.o(i.tSemNotify), (72 bytes).
    Removing tsem.o(i.tSemWait), (68 bytes).
    Removing ttask.o(i.tTaskDeleteSelf), (84 bytes).
    Removing ttask.o(i.tTaskForceDelete), (116 bytes).
    Removing ttask.o(i.tTaskGetInfo), (84 bytes).
    Removing ttask.o(i.tTaskIsRequestedFlag), (28 bytes).
    Removing ttask.o(i.tTaskRequestDelete), (22 bytes).
    Removing ttask.o(i.tTaskSchedDisable), (32 bytes).
    Removing ttask.o(i.tTaskSchedEnable), (40 bytes).
    Removing ttask.o(i.tTaskSetDeleteCallFunc), (6 bytes).
    Removing ttask.o(i.tTaskSuspend), (104 bytes).
    Removing ttask.o(i.tTaskWakeUp), (80 bytes).
    Removing ttime.o(.rev16_text), (4 bytes).
    Removing ttime.o(.revsh_text), (4 bytes).
    Removing ttime.o(.rrx_text), (6 bytes).
    Removing ttime.o(i.tGetCPUUsage), (108 bytes).
    Removing ttime.o(.data), (20 bytes).
    Removing ttimer.o(i.tTimerHardTickProc), (36 bytes).
    Removing ttimer.o(i.tTimerInit), (50 bytes).
    Removing ttimer.o(i.tTimerModuleInit), (76 bytes).
    Removing ttimer.o(i.tTimerSoftTaskEntry), (40 bytes).
    Removing ttimer.o(i.tTimerStart), (92 bytes).
    Removing ttimer.o(i.tTimerStop), (88 bytes).
    Removing ttimer.o(i.tTimerTraverseList), (58 bytes).
    Removing ttimer.o(.bss), (4240 bytes).
    Removing delay.o(.rev16_text), (4 bytes).
    Removing delay.o(.revsh_text), (4 bytes).
    Removing delay.o(.rrx_text), (6 bytes).
    Removing delay.o(i.delay_init), (20 bytes).
    Removing delay.o(i.delay_ms), (26 bytes).
    Removing delay.o(i.delay_us), (52 bytes).
    Removing delay.o(.data), (4 bytes).
    Removing sys.o(.rev16_text), (4 bytes).
    Removing sys.o(.revsh_text), (4 bytes).
    Removing sys.o(.rrx_text), (6 bytes).
    Removing sys.o(.emb_text), (16 bytes).
    Removing sys.o(i.Cache_Enable), (136 bytes).
    Removing sys.o(i.Get_DCahceSta), (16 bytes).
    Removing sys.o(i.Get_ICahceSta), (16 bytes).
    Removing sys.o(i.Stm32_Clock_Init), (132 bytes).

377 unused section(s) (total 39828 bytes) removed from the image.

==============================================================================

Image Symbol Table

    Local Symbols

    Symbol Name                              Value     Ov Type        Size  Object(Section)

    ../Drivers/STM32F7xx_HAL_Driver/Src/stm32f7xx_hal.c 0x00000000   Number         0  stm32f7xx_hal.o ABSOLUTE
    ../Drivers/STM32F7xx_HAL_Driver/Src/stm32f7xx_hal_cortex.c 0x00000000   Number         0  stm32f7xx_hal_cortex.o ABSOLUTE
    ../Drivers/STM32F7xx_HAL_Driver/Src/stm32f7xx_hal_dma.c 0x00000000   Number         0  stm32f7xx_hal_dma.o ABSOLUTE
    ../Drivers/STM32F7xx_HAL_Driver/Src/stm32f7xx_hal_dma_ex.c 0x00000000   Number         0  stm32f7xx_hal_dma_ex.o ABSOLUTE
    ../Drivers/STM32F7xx_HAL_Driver/Src/stm32f7xx_hal_exti.c 0x00000000   Number         0  stm32f7xx_hal_exti.o ABSOLUTE
    ../Drivers/STM32F7xx_HAL_Driver/Src/stm32f7xx_hal_flash.c 0x00000000   Number         0  stm32f7xx_hal_flash.o ABSOLUTE
    ../Drivers/STM32F7xx_HAL_Driver/Src/stm32f7xx_hal_flash_ex.c 0x00000000   Number         0  stm32f7xx_hal_flash_ex.o ABSOLUTE
    ../Drivers/STM32F7xx_HAL_Driver/Src/stm32f7xx_hal_gpio.c 0x00000000   Number         0  stm32f7xx_hal_gpio.o ABSOLUTE
    ../Drivers/STM32F7xx_HAL_Driver/Src/stm32f7xx_hal_i2c.c 0x00000000   Number         0  stm32f7xx_hal_i2c.o ABSOLUTE
    ../Drivers/STM32F7xx_HAL_Driver/Src/stm32f7xx_hal_i2c_ex.c 0x00000000   Number         0  stm32f7xx_hal_i2c_ex.o ABSOLUTE
    ../Drivers/STM32F7xx_HAL_Driver/Src/stm32f7xx_hal_pwr.c 0x00000000   Number         0  stm32f7xx_hal_pwr.o ABSOLUTE
    ../Drivers/STM32F7xx_HAL_Driver/Src/stm32f7xx_hal_pwr_ex.c 0x00000000   Number         0  stm32f7xx_hal_pwr_ex.o ABSOLUTE
    ../Drivers/STM32F7xx_HAL_Driver/Src/stm32f7xx_hal_rcc.c 0x00000000   Number         0  stm32f7xx_hal_rcc.o ABSOLUTE
    ../Drivers/STM32F7xx_HAL_Driver/Src/stm32f7xx_hal_rcc_ex.c 0x00000000   Number         0  stm32f7xx_hal_rcc_ex.o ABSOLUTE
    ../Drivers/STM32F7xx_HAL_Driver/Src/stm32f7xx_hal_tim.c 0x00000000   Number         0  stm32f7xx_hal_tim.o ABSOLUTE
    ../Drivers/STM32F7xx_HAL_Driver/Src/stm32f7xx_hal_tim_ex.c 0x00000000   Number         0  stm32f7xx_hal_tim_ex.o ABSOLUTE
    ../Src/main.c                            0x00000000   Number         0  main.o ABSOLUTE
    ../Src/stm32f7xx_hal_msp.c               0x00000000   Number         0  stm32f7xx_hal_msp.o ABSOLUTE
    ../Src/stm32f7xx_it.c                    0x00000000   Number         0  stm32f7xx_it.o ABSOLUTE
    ../Src/system_stm32f7xx.c                0x00000000   Number         0  system_stm32f7xx.o ABSOLUTE
    ../clib/microlib/division.c              0x00000000   Number         0  uldiv.o ABSOLUTE
    ../clib/microlib/init/entry.s            0x00000000   Number         0  entry8a.o ABSOLUTE
    ../clib/microlib/init/entry.s            0x00000000   Number         0  entry7b.o ABSOLUTE
    ../clib/microlib/init/entry.s            0x00000000   Number         0  entry7a.o ABSOLUTE
    ../clib/microlib/init/entry.s            0x00000000   Number         0  entry5.o ABSOLUTE
    ../clib/microlib/init/entry.s            0x00000000   Number         0  entry2.o ABSOLUTE
    ../clib/microlib/init/entry.s            0x00000000   Number         0  entry.o ABSOLUTE
    ../clib/microlib/init/entry.s            0x00000000   Number         0  entry8b.o ABSOLUTE
    ../clib/microlib/init/entry.s            0x00000000   Number         0  entry11b.o ABSOLUTE
    ../clib/microlib/init/entry.s            0x00000000   Number         0  entry11a.o ABSOLUTE
    ../clib/microlib/init/entry.s            0x00000000   Number         0  entry10b.o ABSOLUTE
    ../clib/microlib/init/entry.s            0x00000000   Number         0  entry10a.o ABSOLUTE
    ../clib/microlib/init/entry.s            0x00000000   Number         0  entry9b.o ABSOLUTE
    ../clib/microlib/init/entry.s            0x00000000   Number         0  entry9a.o ABSOLUTE
    ../clib/microlib/longlong.c              0x00000000   Number         0  llushr.o ABSOLUTE
    ../clib/microlib/longlong.c              0x00000000   Number         0  llshl.o ABSOLUTE
    ../clib/microlib/string/memset.c         0x00000000   Number         0  memseta.o ABSOLUTE
    ..\Drivers\STM32F7xx_HAL_Driver\Src\stm32f7xx_hal.c 0x00000000   Number         0  stm32f7xx_hal.o ABSOLUTE
    ..\Drivers\STM32F7xx_HAL_Driver\Src\stm32f7xx_hal_cortex.c 0x00000000   Number         0  stm32f7xx_hal_cortex.o ABSOLUTE
    ..\Drivers\STM32F7xx_HAL_Driver\Src\stm32f7xx_hal_dma.c 0x00000000   Number         0  stm32f7xx_hal_dma.o ABSOLUTE
    ..\Drivers\STM32F7xx_HAL_Driver\Src\stm32f7xx_hal_dma_ex.c 0x00000000   Number         0  stm32f7xx_hal_dma_ex.o ABSOLUTE
    ..\Drivers\STM32F7xx_HAL_Driver\Src\stm32f7xx_hal_exti.c 0x00000000   Number         0  stm32f7xx_hal_exti.o ABSOLUTE
    ..\Drivers\STM32F7xx_HAL_Driver\Src\stm32f7xx_hal_flash.c 0x00000000   Number         0  stm32f7xx_hal_flash.o ABSOLUTE
    ..\Drivers\STM32F7xx_HAL_Driver\Src\stm32f7xx_hal_flash_ex.c 0x00000000   Number         0  stm32f7xx_hal_flash_ex.o ABSOLUTE
    ..\Drivers\STM32F7xx_HAL_Driver\Src\stm32f7xx_hal_gpio.c 0x00000000   Number         0  stm32f7xx_hal_gpio.o ABSOLUTE
    ..\Drivers\STM32F7xx_HAL_Driver\Src\stm32f7xx_hal_i2c.c 0x00000000   Number         0  stm32f7xx_hal_i2c.o ABSOLUTE
    ..\Drivers\STM32F7xx_HAL_Driver\Src\stm32f7xx_hal_i2c_ex.c 0x00000000   Number         0  stm32f7xx_hal_i2c_ex.o ABSOLUTE
    ..\Drivers\STM32F7xx_HAL_Driver\Src\stm32f7xx_hal_pwr.c 0x00000000   Number         0  stm32f7xx_hal_pwr.o ABSOLUTE
    ..\Drivers\STM32F7xx_HAL_Driver\Src\stm32f7xx_hal_pwr_ex.c 0x00000000   Number         0  stm32f7xx_hal_pwr_ex.o ABSOLUTE
    ..\Drivers\STM32F7xx_HAL_Driver\Src\stm32f7xx_hal_rcc.c 0x00000000   Number         0  stm32f7xx_hal_rcc.o ABSOLUTE
    ..\Drivers\STM32F7xx_HAL_Driver\Src\stm32f7xx_hal_rcc_ex.c 0x00000000   Number         0  stm32f7xx_hal_rcc_ex.o ABSOLUTE
    ..\Drivers\STM32F7xx_HAL_Driver\Src\stm32f7xx_hal_tim.c 0x00000000   Number         0  stm32f7xx_hal_tim.o ABSOLUTE
    ..\Drivers\STM32F7xx_HAL_Driver\Src\stm32f7xx_hal_tim_ex.c 0x00000000   Number         0  stm32f7xx_hal_tim_ex.o ABSOLUTE
    ..\SYSTEM\delay\delay.c                  0x00000000   Number         0  delay.o ABSOLUTE
    ..\SYSTEM\sys\sys.c                      0x00000000   Number         0  sys.o ABSOLUTE
    ..\SolarOS\Src\tBitmap.c                 0x00000000   Number         0  tbitmap.o ABSOLUTE
    ..\SolarOS\Src\tCpu.s                    0x00000000   Number         0  tcpu_1.o ABSOLUTE
    ..\SolarOS\Src\tEvent.c                  0x00000000   Number         0  tevent.o ABSOLUTE
    ..\SolarOS\Src\tHooks.c                  0x00000000   Number         0  thooks.o ABSOLUTE
    ..\SolarOS\Src\tList.c                   0x00000000   Number         0  tlist.o ABSOLUTE
    ..\SolarOS\Src\tMbox.c                   0x00000000   Number         0  tmbox.o ABSOLUTE
    ..\SolarOS\Src\tMemBlock.c               0x00000000   Number         0  tmemblock.o ABSOLUTE
    ..\SolarOS\Src\tSem.c                    0x00000000   Number         0  tsem.o ABSOLUTE
    ..\SolarOS\Src\tTask.c                   0x00000000   Number         0  ttask.o ABSOLUTE
    ..\SolarOS\Src\tTime.c                   0x00000000   Number         0  ttime.o ABSOLUTE
    ..\SolarOS\Src\tTimer.c                  0x00000000   Number         0  ttimer.o ABSOLUTE
    ..\Src\app.c                             0x00000000   Number         0  app.o ABSOLUTE
    ..\Src\main.c                            0x00000000   Number         0  main.o ABSOLUTE
    ..\Src\stm32f7xx_hal_msp.c               0x00000000   Number         0  stm32f7xx_hal_msp.o ABSOLUTE
    ..\Src\stm32f7xx_it.c                    0x00000000   Number         0  stm32f7xx_it.o ABSOLUTE
    ..\Src\system_stm32f7xx.c                0x00000000   Number         0  system_stm32f7xx.o ABSOLUTE
    ..\\SYSTEM\\delay\\delay.c               0x00000000   Number         0  delay.o ABSOLUTE
    ..\\SYSTEM\\sys\\sys.c                   0x00000000   Number         0  sys.o ABSOLUTE
    ..\\SolarOS\\Src\\tTime.c                0x00000000   Number         0  ttime.o ABSOLUTE
    ..\\Src\\app.c                           0x00000000   Number         0  app.o ABSOLUTE
    dc.s                                     0x00000000   Number         0  dc.o ABSOLUTE
    handlers.s                               0x00000000   Number         0  handlers.o ABSOLUTE
    init.s                                   0x00000000   Number         0  init.o ABSOLUTE
    startup_stm32f767xx.s                    0x00000000   Number         0  startup_stm32f767xx.o ABSOLUTE
    RESET                                    0x08000000   Section      504  startup_stm32f767xx.o(RESET)
    .ARM.Collect$$$$00000000                 0x080001f8   Section        0  entry.o(.ARM.Collect$$$$00000000)
    .ARM.Collect$$$$00000001                 0x080001f8   Section        4  entry2.o(.ARM.Collect$$$$00000001)
    .ARM.Collect$$$$00000004                 0x080001fc   Section        4  entry5.o(.ARM.Collect$$$$00000004)
    .ARM.Collect$$$$00000008                 0x08000200   Section        0  entry7b.o(.ARM.Collect$$$$00000008)
    .ARM.Collect$$$$0000000A                 0x08000200   Section        0  entry8b.o(.ARM.Collect$$$$0000000A)
    .ARM.Collect$$$$0000000B                 0x08000200   Section        8  entry9a.o(.ARM.Collect$$$$0000000B)
    .ARM.Collect$$$$0000000D                 0x08000208   Section        0  entry10a.o(.ARM.Collect$$$$0000000D)
    .ARM.Collect$$$$0000000F                 0x08000208   Section        0  entry11a.o(.ARM.Collect$$$$0000000F)
    .ARM.Collect$$$$00002712                 0x08000208   Section        4  entry2.o(.ARM.Collect$$$$00002712)
    __lit__00000000                          0x08000208   Data           4  entry2.o(.ARM.Collect$$$$00002712)
    .text                                    0x0800020c   Section       36  startup_stm32f767xx.o(.text)
    $v0                                      0x0800020c   Number         0  startup_stm32f767xx.o(.text)
    .text                                    0x08000230   Section        0  uldiv.o(.text)
    .text                                    0x08000292   Section        0  memseta.o(.text)
    .text                                    0x080002b6   Section        0  llshl.o(.text)
    .text                                    0x080002d4   Section        0  llushr.o(.text)
    .text                                    0x080002f4   Section       36  init.o(.text)
    CODE                                     0x08000318   Section      104  tcpu_1.o(CODE)
    $v0                                      0x08000318   Number         0  tcpu_1.o(CODE)
    i.BusFault_Handler                       0x08000380   Section        0  stm32f7xx_it.o(i.BusFault_Handler)
    i.DebugMon_Handler                       0x08000382   Section        0  stm32f7xx_it.o(i.DebugMon_Handler)
    i.HAL_GPIO_Init                          0x08000384   Section        0  stm32f7xx_hal_gpio.o(i.HAL_GPIO_Init)
    i.HAL_GPIO_WritePin                      0x0800055c   Section        0  stm32f7xx_hal_gpio.o(i.HAL_GPIO_WritePin)
    i.HAL_GetTick                            0x08000568   Section        0  stm32f7xx_hal.o(i.HAL_GetTick)
    i.HAL_Init                               0x08000574   Section        0  stm32f7xx_hal.o(i.HAL_Init)
    i.HAL_InitTick                           0x0800058c   Section        0  stm32f7xx_hal.o(i.HAL_InitTick)
    i.HAL_MspInit                            0x080005cc   Section        0  stm32f7xx_hal_msp.o(i.HAL_MspInit)
    i.HAL_NVIC_SetPriority                   0x080005fc   Section        0  stm32f7xx_hal_cortex.o(i.HAL_NVIC_SetPriority)
    i.HAL_NVIC_SetPriorityGrouping           0x0800063c   Section        0  stm32f7xx_hal_cortex.o(i.HAL_NVIC_SetPriorityGrouping)
    i.HAL_PWREx_EnableOverDrive              0x08000660   Section        0  stm32f7xx_hal_pwr_ex.o(i.HAL_PWREx_EnableOverDrive)
    i.HAL_RCC_ClockConfig                    0x080006cc   Section        0  stm32f7xx_hal_rcc.o(i.HAL_RCC_ClockConfig)
    i.HAL_RCC_GetSysClockFreq                0x080007f8   Section        0  stm32f7xx_hal_rcc.o(i.HAL_RCC_GetSysClockFreq)
    i.HAL_RCC_OscConfig                      0x08000858   Section        0  stm32f7xx_hal_rcc.o(i.HAL_RCC_OscConfig)
    i.HAL_SYSTICK_Config                     0x08000b94   Section        0  stm32f7xx_hal_cortex.o(i.HAL_SYSTICK_Config)
    i.HardFault_Handler                      0x08000bba   Section        0  stm32f7xx_it.o(i.HardFault_Handler)
    i.MX_GPIO_Init                           0x08000bbc   Section        0  main.o(i.MX_GPIO_Init)
    MX_GPIO_Init                             0x08000bbd   Thumb Code   104  main.o(i.MX_GPIO_Init)
    i.MemManage_Handler                      0x08000c2c   Section        0  stm32f7xx_it.o(i.MemManage_Handler)
    i.NMI_Handler                            0x08000c2e   Section        0  stm32f7xx_it.o(i.NMI_Handler)
    i.SVC_Handler                            0x08000c30   Section        0  stm32f7xx_it.o(i.SVC_Handler)
    i.SysTick_Handler                        0x08000c32   Section        0  ttime.o(i.SysTick_Handler)
    i.SystemClock_Config                     0x08000c38   Section        0  main.o(i.SystemClock_Config)
    i.SystemInit                             0x08000cc0   Section        0  system_stm32f7xx.o(i.SystemInit)
    i.UsageFault_Handler                     0x08000d14   Section        0  stm32f7xx_it.o(i.UsageFault_Handler)
    i.__NVIC_SetPriority                     0x08000d16   Section        0  stm32f7xx_hal_cortex.o(i.__NVIC_SetPriority)
    __NVIC_SetPriority                       0x08000d17   Thumb Code    34  stm32f7xx_hal_cortex.o(i.__NVIC_SetPriority)
    i.__scatterload_copy                     0x08000d38   Section       14  handlers.o(i.__scatterload_copy)
    i.__scatterload_null                     0x08000d46   Section        2  handlers.o(i.__scatterload_null)
    i.__scatterload_zeroinit                 0x08000d48   Section       14  handlers.o(i.__scatterload_zeroinit)
    i.main                                   0x08000d58   Section        0  main.o(i.main)
    i.tBitmapGetFirstSet                     0x08000d94   Section        0  tbitmap.o(i.tBitmapGetFirstSet)
    i.tBitmapInit                            0x08000de0   Section        0  tbitmap.o(i.tBitmapInit)
    i.tBitmapReset                           0x08000de6   Section        0  tbitmap.o(i.tBitmapReset)
    i.tBitmapSet                             0x08000df2   Section        0  tbitmap.o(i.tBitmapSet)
    i.tDelayTickHandler                      0x08000e00   Section        0  ttime.o(i.tDelayTickHandler)
    i.tEventRemoveTask                       0x08000e88   Section        0  tevent.o(i.tEventRemoveTask)
    i.tIdleTaskEntry                         0x08000ebe   Section        0  app.o(i.tIdleTaskEntry)
    i.tInitApp                               0x08000ec0   Section        0  app.o(i.tInitApp)
    i.tListFirstNode                         0x08000f5c   Section        0  tlist.o(i.tListFirstNode)
    i.tListInit                              0x08000f68   Section        0  tlist.o(i.tListInit)
    i.tListInsertAfterLast                   0x08000f72   Section        0  tlist.o(i.tListInsertAfterLast)
    i.tListRemoveNode                        0x08000f8a   Section        0  tlist.o(i.tListRemoveNode)
    i.tNodeInit                              0x08000f9e   Section        0  tlist.o(i.tNodeInit)
    i.tSchedLockInit                         0x08000fa4   Section        0  ttask.o(i.tSchedLockInit)
    i.tSetSysTickPeriod                      0x08000fb0   Section        0  ttime.o(i.tSetSysTickPeriod)
    i.tTaskDelay                             0x08000fe0   Section        0  ttime.o(i.tTaskDelay)
    i.tTaskDelayedListInit                   0x08001008   Section        0  ttask.o(i.tTaskDelayedListInit)
    i.tTaskHighestReady                      0x08001014   Section        0  ttask.o(i.tTaskHighestReady)
    i.tTaskInit                              0x08001038   Section        0  ttask.o(i.tTaskInit)
    i.tTaskPrioListInit                      0x08001124   Section        0  ttask.o(i.tTaskPrioListInit)
    i.tTaskSched                             0x08001144   Section        0  ttask.o(i.tTaskSched)
    i.tTaskStateReady                        0x08001170   Section        0  ttask.o(i.tTaskStateReady)
    i.tTaskStateUnReady                      0x080011b4   Section        0  ttask.o(i.tTaskStateUnReady)
    i.task1Entry                             0x08001208   Section        0  app.o(i.task1Entry)
    i.task2Entry                             0x08001244   Section        0  app.o(i.task2Entry)
    i.task3Entry                             0x0800127c   Section        0  app.o(i.task3Entry)
    i.task4Entry                             0x080012bc   Section        0  app.o(i.task4Entry)
    .constdata                               0x080012d8   Section       16  system_stm32f7xx.o(.constdata)
    .constdata                               0x080012e8   Section      256  tbitmap.o(.constdata)
    quickFindTable                           0x080012e8   Data         256  tbitmap.o(.constdata)
    .data                                    0x20000000   Section        4  app.o(.data)
    .data                                    0x20000004   Section       12  stm32f7xx_hal.o(.data)
    .data                                    0x20000010   Section        4  system_stm32f7xx.o(.data)
    .data                                    0x20000014   Section       16  ttask.o(.data)
    .bss                                     0x20000024   Section    20840  app.o(.bss)
    .bss                                     0x2000518c   Section      396  ttask.o(.bss)
    STACK                                    0x20005318   Section    16384  startup_stm32f767xx.o(STACK)

    Global Symbols

    Symbol Name                              Value     Ov Type        Size  Object(Section)

    BuildAttributes$$THM_ISAv4$E$P$D$K$B$S$7EM$VFPv5_D16$PE$PLD8$A:L22UL41UL21$X:L11$S22US41US21$IEEE1$IW$USESV6$~STKCKD$USESV7$~SHL$OSPACE$EBA8$MICROLIB$REQ8$PRES8$EABIv2 0x00000000   Number         0  anon$$obj.o ABSOLUTE
    __ARM_use_no_argv                        0x00000000   Number         0  main.o ABSOLUTE
    __cpp_initialize__aeabi_                  - Undefined Weak Reference
    __cxa_finalize                            - Undefined Weak Reference
    __decompress                              - Undefined Weak Reference
    _clock_init                               - Undefined Weak Reference
    _microlib_exit                            - Undefined Weak Reference
    __Vectors_Size                           0x000001f8   Number         0  startup_stm32f767xx.o ABSOLUTE
    __Vectors                                0x08000000   Data           4  startup_stm32f767xx.o(RESET)
    __Vectors_End                            0x080001f8   Data           0  startup_stm32f767xx.o(RESET)
    __main                                   0x080001f9   Thumb Code     0  entry.o(.ARM.Collect$$$$00000000)
    _main_stk                                0x080001f9   Thumb Code     0  entry2.o(.ARM.Collect$$$$00000001)
    _main_scatterload                        0x080001fd   Thumb Code     0  entry5.o(.ARM.Collect$$$$00000004)
    __main_after_scatterload                 0x08000201   Thumb Code     0  entry5.o(.ARM.Collect$$$$00000004)
    _main_clock                              0x08000201   Thumb Code     0  entry7b.o(.ARM.Collect$$$$00000008)
    _main_cpp_init                           0x08000201   Thumb Code     0  entry8b.o(.ARM.Collect$$$$0000000A)
    _main_init                               0x08000201   Thumb Code     0  entry9a.o(.ARM.Collect$$$$0000000B)
    __rt_final_cpp                           0x08000209   Thumb Code     0  entry10a.o(.ARM.Collect$$$$0000000D)
    __rt_final_exit                          0x08000209   Thumb Code     0  entry11a.o(.ARM.Collect$$$$0000000F)
    Reset_Handler                            0x0800020d   Thumb Code     8  startup_stm32f767xx.o(.text)
    ADC_IRQHandler                           0x08000227   Thumb Code     0  startup_stm32f767xx.o(.text)
    CAN1_RX0_IRQHandler                      0x08000227   Thumb Code     0  startup_stm32f767xx.o(.text)
    CAN1_RX1_IRQHandler                      0x08000227   Thumb Code     0  startup_stm32f767xx.o(.text)
    CAN1_SCE_IRQHandler                      0x08000227   Thumb Code     0  startup_stm32f767xx.o(.text)
    CAN1_TX_IRQHandler                       0x08000227   Thumb Code     0  startup_stm32f767xx.o(.text)
    CAN2_RX0_IRQHandler                      0x08000227   Thumb Code     0  startup_stm32f767xx.o(.text)
    CAN2_RX1_IRQHandler                      0x08000227   Thumb Code     0  startup_stm32f767xx.o(.text)
    CAN2_SCE_IRQHandler                      0x08000227   Thumb Code     0  startup_stm32f767xx.o(.text)
    CAN2_TX_IRQHandler                       0x08000227   Thumb Code     0  startup_stm32f767xx.o(.text)
    CAN3_RX0_IRQHandler                      0x08000227   Thumb Code     0  startup_stm32f767xx.o(.text)
    CAN3_RX1_IRQHandler                      0x08000227   Thumb Code     0  startup_stm32f767xx.o(.text)
    CAN3_SCE_IRQHandler                      0x08000227   Thumb Code     0  startup_stm32f767xx.o(.text)
    CAN3_TX_IRQHandler                       0x08000227   Thumb Code     0  startup_stm32f767xx.o(.text)
    CEC_IRQHandler                           0x08000227   Thumb Code     0  startup_stm32f767xx.o(.text)
    DCMI_IRQHandler                          0x08000227   Thumb Code     0  startup_stm32f767xx.o(.text)
    DFSDM1_FLT0_IRQHandler                   0x08000227   Thumb Code     0  startup_stm32f767xx.o(.text)
    DFSDM1_FLT1_IRQHandler                   0x08000227   Thumb Code     0  startup_stm32f767xx.o(.text)
    DFSDM1_FLT2_IRQHandler                   0x08000227   Thumb Code     0  startup_stm32f767xx.o(.text)
    DFSDM1_FLT3_IRQHandler                   0x08000227   Thumb Code     0  startup_stm32f767xx.o(.text)
    DMA1_Stream0_IRQHandler                  0x08000227   Thumb Code     0  startup_stm32f767xx.o(.text)
    DMA1_Stream1_IRQHandler                  0x08000227   Thumb Code     0  startup_stm32f767xx.o(.text)
    DMA1_Stream2_IRQHandler                  0x08000227   Thumb Code     0  startup_stm32f767xx.o(.text)
    DMA1_Stream3_IRQHandler                  0x08000227   Thumb Code     0  startup_stm32f767xx.o(.text)
    DMA1_Stream4_IRQHandler                  0x08000227   Thumb Code     0  startup_stm32f767xx.o(.text)
    DMA1_Stream5_IRQHandler                  0x08000227   Thumb Code     0  startup_stm32f767xx.o(.text)
    DMA1_Stream6_IRQHandler                  0x08000227   Thumb Code     0  startup_stm32f767xx.o(.text)
    DMA1_Stream7_IRQHandler                  0x08000227   Thumb Code     0  startup_stm32f767xx.o(.text)
    DMA2D_IRQHandler                         0x08000227   Thumb Code     0  startup_stm32f767xx.o(.text)
    DMA2_Stream0_IRQHandler                  0x08000227   Thumb Code     0  startup_stm32f767xx.o(.text)
    DMA2_Stream1_IRQHandler                  0x08000227   Thumb Code     0  startup_stm32f767xx.o(.text)
    DMA2_Stream2_IRQHandler                  0x08000227   Thumb Code     0  startup_stm32f767xx.o(.text)
    DMA2_Stream3_IRQHandler                  0x08000227   Thumb Code     0  startup_stm32f767xx.o(.text)
    DMA2_Stream4_IRQHandler                  0x08000227   Thumb Code     0  startup_stm32f767xx.o(.text)
    DMA2_Stream5_IRQHandler                  0x08000227   Thumb Code     0  startup_stm32f767xx.o(.text)
    DMA2_Stream6_IRQHandler                  0x08000227   Thumb Code     0  startup_stm32f767xx.o(.text)
    DMA2_Stream7_IRQHandler                  0x08000227   Thumb Code     0  startup_stm32f767xx.o(.text)
    ETH_IRQHandler                           0x08000227   Thumb Code     0  startup_stm32f767xx.o(.text)
    ETH_WKUP_IRQHandler                      0x08000227   Thumb Code     0  startup_stm32f767xx.o(.text)
    EXTI0_IRQHandler                         0x08000227   Thumb Code     0  startup_stm32f767xx.o(.text)
    EXTI15_10_IRQHandler                     0x08000227   Thumb Code     0  startup_stm32f767xx.o(.text)
    EXTI1_IRQHandler                         0x08000227   Thumb Code     0  startup_stm32f767xx.o(.text)
    EXTI2_IRQHandler                         0x08000227   Thumb Code     0  startup_stm32f767xx.o(.text)
    EXTI3_IRQHandler                         0x08000227   Thumb Code     0  startup_stm32f767xx.o(.text)
    EXTI4_IRQHandler                         0x08000227   Thumb Code     0  startup_stm32f767xx.o(.text)
    EXTI9_5_IRQHandler                       0x08000227   Thumb Code     0  startup_stm32f767xx.o(.text)
    FLASH_IRQHandler                         0x08000227   Thumb Code     0  startup_stm32f767xx.o(.text)
    FMC_IRQHandler                           0x08000227   Thumb Code     0  startup_stm32f767xx.o(.text)
    FPU_IRQHandler                           0x08000227   Thumb Code     0  startup_stm32f767xx.o(.text)
    I2C1_ER_IRQHandler                       0x08000227   Thumb Code     0  startup_stm32f767xx.o(.text)
    I2C1_EV_IRQHandler                       0x08000227   Thumb Code     0  startup_stm32f767xx.o(.text)
    I2C2_ER_IRQHandler                       0x08000227   Thumb Code     0  startup_stm32f767xx.o(.text)
    I2C2_EV_IRQHandler                       0x08000227   Thumb Code     0  startup_stm32f767xx.o(.text)
    I2C3_ER_IRQHandler                       0x08000227   Thumb Code     0  startup_stm32f767xx.o(.text)
    I2C3_EV_IRQHandler                       0x08000227   Thumb Code     0  startup_stm32f767xx.o(.text)
    I2C4_ER_IRQHandler                       0x08000227   Thumb Code     0  startup_stm32f767xx.o(.text)
    I2C4_EV_IRQHandler                       0x08000227   Thumb Code     0  startup_stm32f767xx.o(.text)
    JPEG_IRQHandler                          0x08000227   Thumb Code     0  startup_stm32f767xx.o(.text)
    LPTIM1_IRQHandler                        0x08000227   Thumb Code     0  startup_stm32f767xx.o(.text)
    LTDC_ER_IRQHandler                       0x08000227   Thumb Code     0  startup_stm32f767xx.o(.text)
    LTDC_IRQHandler                          0x08000227   Thumb Code     0  startup_stm32f767xx.o(.text)
    MDIOS_IRQHandler                         0x08000227   Thumb Code     0  startup_stm32f767xx.o(.text)
    OTG_FS_IRQHandler                        0x08000227   Thumb Code     0  startup_stm32f767xx.o(.text)
    OTG_FS_WKUP_IRQHandler                   0x08000227   Thumb Code     0  startup_stm32f767xx.o(.text)
    OTG_HS_EP1_IN_IRQHandler                 0x08000227   Thumb Code     0  startup_stm32f767xx.o(.text)
    OTG_HS_EP1_OUT_IRQHandler                0x08000227   Thumb Code     0  startup_stm32f767xx.o(.text)
    OTG_HS_IRQHandler                        0x08000227   Thumb Code     0  startup_stm32f767xx.o(.text)
    OTG_HS_WKUP_IRQHandler                   0x08000227   Thumb Code     0  startup_stm32f767xx.o(.text)
    PVD_IRQHandler                           0x08000227   Thumb Code     0  startup_stm32f767xx.o(.text)
    QUADSPI_IRQHandler                       0x08000227   Thumb Code     0  startup_stm32f767xx.o(.text)
    RCC_IRQHandler                           0x08000227   Thumb Code     0  startup_stm32f767xx.o(.text)
    RNG_IRQHandler                           0x08000227   Thumb Code     0  startup_stm32f767xx.o(.text)
    RTC_Alarm_IRQHandler                     0x08000227   Thumb Code     0  startup_stm32f767xx.o(.text)
    RTC_WKUP_IRQHandler                      0x08000227   Thumb Code     0  startup_stm32f767xx.o(.text)
    SAI1_IRQHandler                          0x08000227   Thumb Code     0  startup_stm32f767xx.o(.text)
    SAI2_IRQHandler                          0x08000227   Thumb Code     0  startup_stm32f767xx.o(.text)
    SDMMC1_IRQHandler                        0x08000227   Thumb Code     0  startup_stm32f767xx.o(.text)
    SDMMC2_IRQHandler                        0x08000227   Thumb Code     0  startup_stm32f767xx.o(.text)
    SPDIF_RX_IRQHandler                      0x08000227   Thumb Code     0  startup_stm32f767xx.o(.text)
    SPI1_IRQHandler                          0x08000227   Thumb Code     0  startup_stm32f767xx.o(.text)
    SPI2_IRQHandler                          0x08000227   Thumb Code     0  startup_stm32f767xx.o(.text)
    SPI3_IRQHandler                          0x08000227   Thumb Code     0  startup_stm32f767xx.o(.text)
    SPI4_IRQHandler                          0x08000227   Thumb Code     0  startup_stm32f767xx.o(.text)
    SPI5_IRQHandler                          0x08000227   Thumb Code     0  startup_stm32f767xx.o(.text)
    SPI6_IRQHandler                          0x08000227   Thumb Code     0  startup_stm32f767xx.o(.text)
    TAMP_STAMP_IRQHandler                    0x08000227   Thumb Code     0  startup_stm32f767xx.o(.text)
    TIM1_BRK_TIM9_IRQHandler                 0x08000227   Thumb Code     0  startup_stm32f767xx.o(.text)
    TIM1_CC_IRQHandler                       0x08000227   Thumb Code     0  startup_stm32f767xx.o(.text)
    TIM1_TRG_COM_TIM11_IRQHandler            0x08000227   Thumb Code     0  startup_stm32f767xx.o(.text)
    TIM1_UP_TIM10_IRQHandler                 0x08000227   Thumb Code     0  startup_stm32f767xx.o(.text)
    TIM2_IRQHandler                          0x08000227   Thumb Code     0  startup_stm32f767xx.o(.text)
    TIM3_IRQHandler                          0x08000227   Thumb Code     0  startup_stm32f767xx.o(.text)
    TIM4_IRQHandler                          0x08000227   Thumb Code     0  startup_stm32f767xx.o(.text)
    TIM5_IRQHandler                          0x08000227   Thumb Code     0  startup_stm32f767xx.o(.text)
    TIM6_DAC_IRQHandler                      0x08000227   Thumb Code     0  startup_stm32f767xx.o(.text)
    TIM7_IRQHandler                          0x08000227   Thumb Code     0  startup_stm32f767xx.o(.text)
    TIM8_BRK_TIM12_IRQHandler                0x08000227   Thumb Code     0  startup_stm32f767xx.o(.text)
    TIM8_CC_IRQHandler                       0x08000227   Thumb Code     0  startup_stm32f767xx.o(.text)
    TIM8_TRG_COM_TIM14_IRQHandler            0x08000227   Thumb Code     0  startup_stm32f767xx.o(.text)
    TIM8_UP_TIM13_IRQHandler                 0x08000227   Thumb Code     0  startup_stm32f767xx.o(.text)
    UART4_IRQHandler                         0x08000227   Thumb Code     0  startup_stm32f767xx.o(.text)
    UART5_IRQHandler                         0x08000227   Thumb Code     0  startup_stm32f767xx.o(.text)
    UART7_IRQHandler                         0x08000227   Thumb Code     0  startup_stm32f767xx.o(.text)
    UART8_IRQHandler                         0x08000227   Thumb Code     0  startup_stm32f767xx.o(.text)
    USART1_IRQHandler                        0x08000227   Thumb Code     0  startup_stm32f767xx.o(.text)
    USART2_IRQHandler                        0x08000227   Thumb Code     0  startup_stm32f767xx.o(.text)
    USART3_IRQHandler                        0x08000227   Thumb Code     0  startup_stm32f767xx.o(.text)
    USART6_IRQHandler                        0x08000227   Thumb Code     0  startup_stm32f767xx.o(.text)
    WWDG_IRQHandler                          0x08000227   Thumb Code     0  startup_stm32f767xx.o(.text)
    __aeabi_uldivmod                         0x08000231   Thumb Code    98  uldiv.o(.text)
    __aeabi_memset                           0x08000293   Thumb Code    14  memseta.o(.text)
    __aeabi_memset4                          0x08000293   Thumb Code     0  memseta.o(.text)
    __aeabi_memset8                          0x08000293   Thumb Code     0  memseta.o(.text)
    __aeabi_memclr                           0x080002a1   Thumb Code     4  memseta.o(.text)
    __aeabi_memclr4                          0x080002a1   Thumb Code     0  memseta.o(.text)
    __aeabi_memclr8                          0x080002a1   Thumb Code     0  memseta.o(.text)
    _memset$wrapper                          0x080002a5   Thumb Code    18  memseta.o(.text)
    __aeabi_llsl                             0x080002b7   Thumb Code    30  llshl.o(.text)
    _ll_shift_l                              0x080002b7   Thumb Code     0  llshl.o(.text)
    __aeabi_llsr                             0x080002d5   Thumb Code    32  llushr.o(.text)
    _ll_ushift_r                             0x080002d5   Thumb Code     0  llushr.o(.text)
    __scatterload                            0x080002f5   Thumb Code    28  init.o(.text)
    __scatterload_rt2                        0x080002f5   Thumb Code     0  init.o(.text)
    tTaskEnterCritical                       0x08000319   Thumb Code     0  tcpu_1.o(CODE)
    tTaskExitCritical                        0x08000321   Thumb Code     0  tcpu_1.o(CODE)
    PendSV_Handler                           0x08000327   Thumb Code    40  tcpu_1.o(CODE)
    tTaskSwitch                              0x0800034f   Thumb Code    10  tcpu_1.o(CODE)
    tTaskRunFirst                            0x08000359   Thumb Code    24  tcpu_1.o(CODE)
    BusFault_Handler                         0x08000381   Thumb Code     2  stm32f7xx_it.o(i.BusFault_Handler)
    DebugMon_Handler                         0x08000383   Thumb Code     2  stm32f7xx_it.o(i.DebugMon_Handler)
    HAL_GPIO_Init                            0x08000385   Thumb Code   418  stm32f7xx_hal_gpio.o(i.HAL_GPIO_Init)
    HAL_GPIO_WritePin                        0x0800055d   Thumb Code    10  stm32f7xx_hal_gpio.o(i.HAL_GPIO_WritePin)
    HAL_GetTick                              0x08000569   Thumb Code     6  stm32f7xx_hal.o(i.HAL_GetTick)
    HAL_Init                                 0x08000575   Thumb Code    22  stm32f7xx_hal.o(i.HAL_Init)
    HAL_InitTick                             0x0800058d   Thumb Code    54  stm32f7xx_hal.o(i.HAL_InitTick)
    HAL_MspInit                              0x080005cd   Thumb Code    42  stm32f7xx_hal_msp.o(i.HAL_MspInit)
    HAL_NVIC_SetPriority                     0x080005fd   Thumb Code    60  stm32f7xx_hal_cortex.o(i.HAL_NVIC_SetPriority)
    HAL_NVIC_SetPriorityGrouping             0x0800063d   Thumb Code    28  stm32f7xx_hal_cortex.o(i.HAL_NVIC_SetPriorityGrouping)
    HAL_PWREx_EnableOverDrive                0x08000661   Thumb Code   100  stm32f7xx_hal_pwr_ex.o(i.HAL_PWREx_EnableOverDrive)
    HAL_RCC_ClockConfig                      0x080006cd   Thumb Code   282  stm32f7xx_hal_rcc.o(i.HAL_RCC_ClockConfig)
    HAL_RCC_GetSysClockFreq                  0x080007f9   Thumb Code    88  stm32f7xx_hal_rcc.o(i.HAL_RCC_GetSysClockFreq)
    HAL_RCC_OscConfig                        0x08000859   Thumb Code   814  stm32f7xx_hal_rcc.o(i.HAL_RCC_OscConfig)
    HAL_SYSTICK_Config                       0x08000b95   Thumb Code    38  stm32f7xx_hal_cortex.o(i.HAL_SYSTICK_Config)
    HardFault_Handler                        0x08000bbb   Thumb Code     2  stm32f7xx_it.o(i.HardFault_Handler)
    MemManage_Handler                        0x08000c2d   Thumb Code     2  stm32f7xx_it.o(i.MemManage_Handler)
    NMI_Handler                              0x08000c2f   Thumb Code     2  stm32f7xx_it.o(i.NMI_Handler)
    SVC_Handler                              0x08000c31   Thumb Code     2  stm32f7xx_it.o(i.SVC_Handler)
    SysTick_Handler                          0x08000c33   Thumb Code     4  ttime.o(i.SysTick_Handler)
    SystemClock_Config                       0x08000c39   Thumb Code   126  main.o(i.SystemClock_Config)
    SystemInit                               0x08000cc1   Thumb Code    68  system_stm32f7xx.o(i.SystemInit)
    UsageFault_Handler                       0x08000d15   Thumb Code     2  stm32f7xx_it.o(i.UsageFault_Handler)
    __scatterload_copy                       0x08000d39   Thumb Code    14  handlers.o(i.__scatterload_copy)
    __scatterload_null                       0x08000d47   Thumb Code     2  handlers.o(i.__scatterload_null)
    __scatterload_zeroinit                   0x08000d49   Thumb Code    14  handlers.o(i.__scatterload_zeroinit)
    main                                     0x08000d59   Thumb Code    52  main.o(i.main)
    tBitmapGetFirstSet                       0x08000d95   Thumb Code    70  tbitmap.o(i.tBitmapGetFirstSet)
    tBitmapInit                              0x08000de1   Thumb Code     6  tbitmap.o(i.tBitmapInit)
    tBitmapReset                             0x08000de7   Thumb Code    12  tbitmap.o(i.tBitmapReset)
    tBitmapSet                               0x08000df3   Thumb Code    12  tbitmap.o(i.tBitmapSet)
    tDelayTickHandler                        0x08000e01   Thumb Code   122  ttime.o(i.tDelayTickHandler)
    tEventRemoveTask                         0x08000e89   Thumb Code    54  tevent.o(i.tEventRemoveTask)
    tIdleTaskEntry                           0x08000ebf   Thumb Code     2  app.o(i.tIdleTaskEntry)
    tInitApp                                 0x08000ec1   Thumb Code   114  app.o(i.tInitApp)
    tListFirstNode                           0x08000f5d   Thumb Code    12  tlist.o(i.tListFirstNode)
    tListInit                                0x08000f69   Thumb Code    10  tlist.o(i.tListInit)
    tListInsertAfterLast                     0x08000f73   Thumb Code    24  tlist.o(i.tListInsertAfterLast)
    tListRemoveNode                          0x08000f8b   Thumb Code    20  tlist.o(i.tListRemoveNode)
    tNodeInit                                0x08000f9f   Thumb Code     6  tlist.o(i.tNodeInit)
    tSchedLockInit                           0x08000fa5   Thumb Code     8  ttask.o(i.tSchedLockInit)
    tSetSysTickPeriod                        0x08000fb1   Thumb Code    40  ttime.o(i.tSetSysTickPeriod)
    tTaskDelay                               0x08000fe1   Thumb Code    34  ttime.o(i.tTaskDelay)
    tTaskDelayedListInit                     0x08001009   Thumb Code     6  ttask.o(i.tTaskDelayedListInit)
    tTaskHighestReady                        0x08001015   Thumb Code    26  ttask.o(i.tTaskHighestReady)
    tTaskInit                                0x08001039   Thumb Code   228  ttask.o(i.tTaskInit)
    tTaskPrioListInit                        0x08001125   Thumb Code    28  ttask.o(i.tTaskPrioListInit)
    tTaskSched                               0x08001145   Thumb Code    40  ttask.o(i.tTaskSched)
    tTaskStateReady                          0x08001171   Thumb Code    54  ttask.o(i.tTaskStateReady)
    tTaskStateUnReady                        0x080011b5   Thumb Code    70  ttask.o(i.tTaskStateUnReady)
    task1Entry                               0x08001209   Thumb Code    52  app.o(i.task1Entry)
    task2Entry                               0x08001245   Thumb Code    46  app.o(i.task2Entry)
    task3Entry                               0x0800127d   Thumb Code    54  app.o(i.task3Entry)
    task4Entry                               0x080012bd   Thumb Code    24  app.o(i.task4Entry)
    AHBPrescTable                            0x080012d8   Data          16  system_stm32f7xx.o(.constdata)
    Region$$Table$$Base                      0x080013e8   Number         0  anon$$obj.o(Region$$Table)
    Region$$Table$$Limit                     0x08001408   Number         0  anon$$obj.o(Region$$Table)
    tTaskFlag1                               0x20000000   Data           1  app.o(.data)
    tTaskFlag2                               0x20000001   Data           1  app.o(.data)
    tTaskFlag3                               0x20000002   Data           1  app.o(.data)
    tTaskFlag4                               0x20000003   Data           1  app.o(.data)
    uwTickFreq                               0x20000004   Data           1  stm32f7xx_hal.o(.data)
    uwTickPrio                               0x20000008   Data           4  stm32f7xx_hal.o(.data)
    uwTick                                   0x2000000c   Data           4  stm32f7xx_hal.o(.data)
    SystemCoreClock                          0x20000010   Data           4  system_stm32f7xx.o(.data)
    schedLockCount                           0x20000014   Data           1  ttask.o(.data)
    tbitmap                                  0x20000018   Data           4  ttask.o(.data)
    currentTask                              0x2000001c   Data           4  ttask.o(.data)
    nextTask                                 0x20000020   Data           4  ttask.o(.data)
    tTask1                                   0x20000024   Data          72  app.o(.bss)
    tTask2                                   0x2000006c   Data          72  app.o(.bss)
    tTask3                                   0x200000b4   Data          72  app.o(.bss)
    tTask4                                   0x200000fc   Data          72  app.o(.bss)
    tTask1Env                                0x20000144   Data        4096  app.o(.bss)
    tTask2Env                                0x20001144   Data        4096  app.o(.bss)
    tTask3Env                                0x20002144   Data        4096  app.o(.bss)
    tTask4Env                                0x20003144   Data        4096  app.o(.bss)
    tIdleTask                                0x20004144   Data          72  app.o(.bss)
    tIdleTaskEnv                             0x2000418c   Data        4096  app.o(.bss)
    tTaskList                                0x2000518c   Data         384  ttask.o(.bss)
    tTaskDelayedList                         0x2000530c   Data          12  ttask.o(.bss)
    __initial_sp                             0x20009318   Data           0  startup_stm32f767xx.o(STACK)



==============================================================================

Memory Map of the image

  Image Entry point : 0x080001f9

  Load Region LR_IROM1 (Base: 0x08000000, Size: 0x0000142c, Max: 0x00200000, ABSOLUTE)

    Execution Region ER_IROM1 (Exec base: 0x08000000, Load base: 0x08000000, Size: 0x00001408, Max: 0x00200000, ABSOLUTE)

    Exec Addr    Load Addr    Size         Type   Attr      Idx    E Section Name        Object

    0x08000000   0x08000000   0x000001f8   Data   RO            3    RESET               startup_stm32f767xx.o
    0x080001f8   0x080001f8   0x00000000   Code   RO         2766  * .ARM.Collect$$$$00000000  mc_w.l(entry.o)
    0x080001f8   0x080001f8   0x00000004   Code   RO         2773    .ARM.Collect$$$$00000001  mc_w.l(entry2.o)
    0x080001fc   0x080001fc   0x00000004   Code   RO         2776    .ARM.Collect$$$$00000004  mc_w.l(entry5.o)
    0x08000200   0x08000200   0x00000000   Code   RO         2778    .ARM.Collect$$$$00000008  mc_w.l(entry7b.o)
    0x08000200   0x08000200   0x00000000   Code   RO         2780    .ARM.Collect$$$$0000000A  mc_w.l(entry8b.o)
    0x08000200   0x08000200   0x00000008   Code   RO         2781    .ARM.Collect$$$$0000000B  mc_w.l(entry9a.o)
    0x08000208   0x08000208   0x00000000   Code   RO         2783    .ARM.Collect$$$$0000000D  mc_w.l(entry10a.o)
    0x08000208   0x08000208   0x00000000   Code   RO         2785    .ARM.Collect$$$$0000000F  mc_w.l(entry11a.o)
    0x08000208   0x08000208   0x00000004   Code   RO         2774    .ARM.Collect$$$$00002712  mc_w.l(entry2.o)
    0x0800020c   0x0800020c   0x00000024   Code   RO            4    .text               startup_stm32f767xx.o
    0x08000230   0x08000230   0x00000062   Code   RO         2769    .text               mc_w.l(uldiv.o)
    0x08000292   0x08000292   0x00000024   Code   RO         2771    .text               mc_w.l(memseta.o)
    0x080002b6   0x080002b6   0x0000001e   Code   RO         2787    .text               mc_w.l(llshl.o)
    0x080002d4   0x080002d4   0x00000020   Code   RO         2789    .text               mc_w.l(llushr.o)
    0x080002f4   0x080002f4   0x00000024   Code   RO         2791    .text               mc_w.l(init.o)
    0x08000318   0x08000318   0x00000068   Code   RO         2665    CODE                tcpu_1.o
    0x08000380   0x08000380   0x00000002   Code   RO          162    i.BusFault_Handler  stm32f7xx_it.o
    0x08000382   0x08000382   0x00000002   Code   RO          163    i.DebugMon_Handler  stm32f7xx_it.o
    0x08000384   0x08000384   0x000001d8   Code   RO          825    i.HAL_GPIO_Init     stm32f7xx_hal_gpio.o
    0x0800055c   0x0800055c   0x0000000a   Code   RO          829    i.HAL_GPIO_WritePin  stm32f7xx_hal_gpio.o
    0x08000566   0x08000566   0x00000002   PAD
    0x08000568   0x08000568   0x0000000c   Code   RO         1268    i.HAL_GetTick       stm32f7xx_hal.o
    0x08000574   0x08000574   0x00000016   Code   RO         1275    i.HAL_Init          stm32f7xx_hal.o
    0x0800058a   0x0800058a   0x00000002   PAD
    0x0800058c   0x0800058c   0x00000040   Code   RO         1276    i.HAL_InitTick      stm32f7xx_hal.o
    0x080005cc   0x080005cc   0x00000030   Code   RO          225    i.HAL_MspInit       stm32f7xx_hal_msp.o
    0x080005fc   0x080005fc   0x00000040   Code   RO          318    i.HAL_NVIC_SetPriority  stm32f7xx_hal_cortex.o
    0x0800063c   0x0800063c   0x00000024   Code   RO          319    i.HAL_NVIC_SetPriorityGrouping  stm32f7xx_hal_cortex.o
    0x08000660   0x08000660   0x0000006c   Code   RO         1165    i.HAL_PWREx_EnableOverDrive  stm32f7xx_hal_pwr_ex.o
    0x080006cc   0x080006cc   0x0000012c   Code   RO          479    i.HAL_RCC_ClockConfig  stm32f7xx_hal_rcc.o
    0x080007f8   0x080007f8   0x00000060   Code   RO          488    i.HAL_RCC_GetSysClockFreq  stm32f7xx_hal_rcc.o
    0x08000858   0x08000858   0x0000033c   Code   RO          491    i.HAL_RCC_OscConfig  stm32f7xx_hal_rcc.o
    0x08000b94   0x08000b94   0x00000026   Code   RO          323    i.HAL_SYSTICK_Config  stm32f7xx_hal_cortex.o
    0x08000bba   0x08000bba   0x00000002   Code   RO          164    i.HardFault_Handler  stm32f7xx_it.o
    0x08000bbc   0x08000bbc   0x00000070   Code   RO           14    i.MX_GPIO_Init      main.o
    0x08000c2c   0x08000c2c   0x00000002   Code   RO          165    i.MemManage_Handler  stm32f7xx_it.o
    0x08000c2e   0x08000c2e   0x00000002   Code   RO          166    i.NMI_Handler       stm32f7xx_it.o
    0x08000c30   0x08000c30   0x00000002   Code   RO          167    i.SVC_Handler       stm32f7xx_it.o
    0x08000c32   0x08000c32   0x00000004   Code   RO         2552    i.SysTick_Handler   ttime.o
    0x08000c36   0x08000c36   0x00000002   PAD
    0x08000c38   0x08000c38   0x00000088   Code   RO           15    i.SystemClock_Config  main.o
    0x08000cc0   0x08000cc0   0x00000054   Code   RO         2033    i.SystemInit        system_stm32f7xx.o
    0x08000d14   0x08000d14   0x00000002   Code   RO          168    i.UsageFault_Handler  stm32f7xx_it.o
    0x08000d16   0x08000d16   0x00000022   Code   RO          325    i.__NVIC_SetPriority  stm32f7xx_hal_cortex.o
    0x08000d38   0x08000d38   0x0000000e   Code   RO         2795    i.__scatterload_copy  mc_w.l(handlers.o)
    0x08000d46   0x08000d46   0x00000002   Code   RO         2796    i.__scatterload_null  mc_w.l(handlers.o)
    0x08000d48   0x08000d48   0x0000000e   Code   RO         2797    i.__scatterload_zeroinit  mc_w.l(handlers.o)
    0x08000d56   0x08000d56   0x00000002   PAD
    0x08000d58   0x08000d58   0x0000003c   Code   RO           16    i.main              main.o
    0x08000d94   0x08000d94   0x0000004c   Code   RO         2067    i.tBitmapGetFirstSet  tbitmap.o
    0x08000de0   0x08000de0   0x00000006   Code   RO         2068    i.tBitmapInit       tbitmap.o
    0x08000de6   0x08000de6   0x0000000c   Code   RO         2070    i.tBitmapReset      tbitmap.o
    0x08000df2   0x08000df2   0x0000000c   Code   RO         2071    i.tBitmapSet        tbitmap.o
    0x08000dfe   0x08000dfe   0x00000002   PAD
    0x08000e00   0x08000e00   0x00000088   Code   RO         2553    i.tDelayTickHandler  ttime.o
    0x08000e88   0x08000e88   0x00000036   Code   RO         2115    i.tEventRemoveTask  tevent.o
    0x08000ebe   0x08000ebe   0x00000002   Code   RO          249    i.tIdleTaskEntry    app.o
    0x08000ec0   0x08000ec0   0x0000009c   Code   RO          250    i.tInitApp          app.o
    0x08000f5c   0x08000f5c   0x0000000c   Code   RO         2196    i.tListFirstNode    tlist.o
    0x08000f68   0x08000f68   0x0000000a   Code   RO         2197    i.tListInit         tlist.o
    0x08000f72   0x08000f72   0x00000018   Code   RO         2198    i.tListInsertAfterLast  tlist.o
    0x08000f8a   0x08000f8a   0x00000014   Code   RO         2206    i.tListRemoveNode   tlist.o
    0x08000f9e   0x08000f9e   0x00000006   Code   RO         2207    i.tNodeInit         tlist.o
    0x08000fa4   0x08000fa4   0x0000000c   Code   RO         2424    i.tSchedLockInit    ttask.o
    0x08000fb0   0x08000fb0   0x00000030   Code   RO         2555    i.tSetSysTickPeriod  ttime.o
    0x08000fe0   0x08000fe0   0x00000028   Code   RO         2556    i.tTaskDelay        ttime.o
    0x08001008   0x08001008   0x0000000c   Code   RO         2425    i.tTaskDelayedListInit  ttask.o
    0x08001014   0x08001014   0x00000024   Code   RO         2429    i.tTaskHighestReady  ttask.o
    0x08001038   0x08001038   0x000000ec   Code   RO         2430    i.tTaskInit         ttask.o
    0x08001124   0x08001124   0x00000020   Code   RO         2432    i.tTaskPrioListInit  ttask.o
    0x08001144   0x08001144   0x0000002c   Code   RO         2434    i.tTaskSched        ttask.o
    0x08001170   0x08001170   0x00000044   Code   RO         2438    i.tTaskStateReady   ttask.o
    0x080011b4   0x080011b4   0x00000054   Code   RO         2439    i.tTaskStateUnReady  ttask.o
    0x08001208   0x08001208   0x0000003c   Code   RO          251    i.task1Entry        app.o
    0x08001244   0x08001244   0x00000038   Code   RO          252    i.task2Entry        app.o
    0x0800127c   0x0800127c   0x00000040   Code   RO          253    i.task3Entry        app.o
    0x080012bc   0x080012bc   0x0000001c   Code   RO          254    i.task4Entry        app.o
    0x080012d8   0x080012d8   0x00000010   Data   RO         2034    .constdata          system_stm32f7xx.o
    0x080012e8   0x080012e8   0x00000100   Data   RO         2074    .constdata          tbitmap.o
    0x080013e8   0x080013e8   0x00000020   Data   RO         2793    Region$$Table       anon$$obj.o


    Execution Region RW_IRAM1 (Exec base: 0x20000000, Load base: 0x08001408, Size: 0x00009318, Max: 0x00080000, ABSOLUTE)

    Exec Addr    Load Addr    Size         Type   Attr      Idx    E Section Name        Object

    0x20000000   0x08001408   0x00000004   Data   RW          256    .data               app.o
    0x20000004   0x0800140c   0x0000000c   Data   RW         1282    .data               stm32f7xx_hal.o
    0x20000010   0x08001418   0x00000004   Data   RW         2036    .data               system_stm32f7xx.o
    0x20000014   0x0800141c   0x00000010   Data   RW         2443    .data               ttask.o
    0x20000024        -       0x00005168   Zero   RW          255    .bss                app.o
    0x2000518c        -       0x0000018c   Zero   RW         2442    .bss                ttask.o
    0x20005318        -       0x00004000   Zero   RW            1    STACK               startup_stm32f767xx.o


==============================================================================

Image component sizes


      Code (inc. data)   RO Data    RW Data    ZI Data      Debug   Object Name

       366         74          0          4      20840       4089   app.o
       308         26          0          0          0     796439   main.o
        36          8        504          0      16384        860   startup_stm32f767xx.o
        98         16          0         12          0       8175   stm32f7xx_hal.o
       172         12          0          0          0      38442   stm32f7xx_hal_cortex.o
       482         54          0          0          0       2640   stm32f7xx_hal_gpio.o
        48          6          0          0          0        870   stm32f7xx_hal_msp.o
       108          8          0          0          0       1316   stm32f7xx_hal_pwr_ex.o
      1224         40          0          0          0       4010   stm32f7xx_hal_rcc.o
        14          0          0          0          0       3343   stm32f7xx_it.o
        84         16         16          4          0       1299   system_stm32f7xx.o
       106          6        256          0          0       2894   tbitmap.o
       104         16          0          0          0        516   tcpu_1.o
        54          0          0          0          0       2794   tevent.o
        72          0          0          0          0       3026   tlist.o
       524         64          0         16        396       6880   ttask.o
       228         28          0          0          0      39375   ttime.o

    ----------------------------------------------------------------------
      4036        374        808         36      37620     916968   Object Totals
         0          0         32          0          0          0   (incl. Generated)
         8          0          0          0          0          0   (incl. Padding)

    ----------------------------------------------------------------------

      Code (inc. data)   RO Data    RW Data    ZI Data      Debug   Library Member Name

         0          0          0          0          0          0   entry.o
         0          0          0          0          0          0   entry10a.o
         0          0          0          0          0          0   entry11a.o
         8          4          0          0          0          0   entry2.o
         4          0          0          0          0          0   entry5.o
         0          0          0          0          0          0   entry7b.o
         0          0          0          0          0          0   entry8b.o
         8          4          0          0          0          0   entry9a.o
        30          0          0          0          0          0   handlers.o
        36          8          0          0          0         68   init.o
        30          0          0          0          0         68   llshl.o
        32          0          0          0          0         68   llushr.o
        36          0          0          0          0        108   memseta.o
        98          0          0          0          0         92   uldiv.o

    ----------------------------------------------------------------------
       284         16          0          0          0        404   Library Totals
         2          0          0          0          0          0   (incl. Padding)

    ----------------------------------------------------------------------

      Code (inc. data)   RO Data    RW Data    ZI Data      Debug   Library Name

       282         16          0          0          0        404   mc_w.l

    ----------------------------------------------------------------------
       284         16          0          0          0        404   Library Totals

    ----------------------------------------------------------------------

==============================================================================


      Code (inc. data)   RO Data    RW Data    ZI Data      Debug   

      4320        390        808         36      37620     912872   Grand Totals
      4320        390        808         36      37620     912872   ELF Image Totals
      4320        390        808         36          0          0   ROM Totals

==============================================================================

    Total RO  Size (Code + RO Data)                 5128 (   5.01kB)
    Total RW  Size (RW Data + ZI Data)             37656 (  36.77kB)
    Total ROM Size (Code + RO Data + RW Data)       5164 (   5.04kB)

==============================================================================

